gplink-0.13.4 alpha
Map File - Created 6-13-2008  14:34:03
 
                                 Section Info
                  Section       Type    Address   Location Size(Bytes)
                ---------  ---------  ---------  ---------  ---------
                  STARTUP       code   00000000    program   0x000006
              c_interrupt       code   0x000004    program   0x00006c
           code_extruder2       code   0x00003a    program   0x000a40
               code_idata       code   0x00055a    program   0x000128
           code_extruder1       code   0x0005ee    program   0x0000dc
                    .code       code   0x00065c    program   0x000068
                   .cinit       code   0x000690    program   0x00004c
             code_serial2       code   0x0006b6    program   0x00001a
         ID_extruder1_0_i       code   0x0006c3    program   0x000002
         ID_extruder2_0_i       code   0x0006c4    program   0x000002
         ID_extruder2_1_i       code   0x0006c5    program   0x000002
         ID_extruder2_2_i       code   0x0006c6    program   0x000002
           ID_serial1_0_i       code   0x0006c7    program   0x000002
             ID_idata_0_i       code   0x0006c8    program   0x000002
             code_serial1       code   0x000800    program   0x00085e
                  .config       code   0x002007    program   0x000002
           ID_extruder1_0      idata   0x000069       data   0x000001
           ID_extruder2_0      idata   0x00006b       data   0x000001
           ID_extruder2_1      idata   0x00006c       data   0x000001
           ID_extruder2_2      idata   0x00006d       data   0x000001
             ID_serial1_0      idata   0x0000dc       data   0x000001
               ID_idata_0      idata   0x0000de       data   0x000001
      UD_abs_pic16f648a_0      udata   00000000       data   0x000001
      UD_abs_pic16f648a_1      udata   0x000001       data   0x000001
      UD_abs_pic16f648a_2      udata   0x000002       data   0x000001
      UD_abs_pic16f648a_3      udata   0x000003       data   0x000001
      UD_abs_pic16f648a_4      udata   0x000004       data   0x000001
      UD_abs_pic16f648a_5      udata   0x000005       data   0x000001
      UD_abs_pic16f648a_6      udata   0x000006       data   0x000001
      UD_abs_pic16f648a_a      udata   0x00000a       data   0x000001
      UD_abs_pic16f648a_b      udata   0x00000b       data   0x000001
      UD_abs_pic16f648a_c      udata   0x00000c       data   0x000001
      UD_abs_pic16f648a_e      udata   0x00000e       data   0x000001
      UD_abs_pic16f648a_f      udata   0x00000f       data   0x000001
     UD_abs_pic16f648a_10      udata   0x000010       data   0x000001
     UD_abs_pic16f648a_11      udata   0x000011       data   0x000001
     UD_abs_pic16f648a_12      udata   0x000012       data   0x000001
     UD_abs_pic16f648a_15      udata   0x000015       data   0x000001
     UD_abs_pic16f648a_16      udata   0x000016       data   0x000001
     UD_abs_pic16f648a_17      udata   0x000017       data   0x000001
     UD_abs_pic16f648a_18      udata   0x000018       data   0x000001
     UD_abs_pic16f648a_19      udata   0x000019       data   0x000001
     UD_abs_pic16f648a_1a      udata   0x00001a       data   0x000001
     UD_abs_pic16f648a_1f      udata   0x00001f       data   0x000001
            UDL_serial1_0      udata   0x000020       data   0x000024
          UDL_extruder2_0      udata   0x000044       data   0x000023
           UD_extruder1_0      udata   0x000067       data   0x000001
          UDL_extruder1_0      udata   0x000068       data   0x000001
           UD_extruder2_0      udata   0x00006a       data   0x000001
             UD_serial1_0      udata   0x00006e       data   0x000001
                sharebank      udata   0x000070       data   0x000010
     UD_abs_pic16f648a_81      udata   0x000081       data   0x000001
     UD_abs_pic16f648a_85      udata   0x000085       data   0x000001
     UD_abs_pic16f648a_86      udata   0x000086       data   0x000001
     UD_abs_pic16f648a_8c      udata   0x00008c       data   0x000001
     UD_abs_pic16f648a_8e      udata   0x00008e       data   0x000001
     UD_abs_pic16f648a_92      udata   0x000092       data   0x000001
     UD_abs_pic16f648a_98      udata   0x000098       data   0x000001
     UD_abs_pic16f648a_99      udata   0x000099       data   0x000001
     UD_abs_pic16f648a_9a      udata   0x00009a       data   0x000001
     UD_abs_pic16f648a_9b      udata   0x00009b       data   0x000001
     UD_abs_pic16f648a_9c      udata   0x00009c       data   0x000001
     UD_abs_pic16f648a_9d      udata   0x00009d       data   0x000001
     UD_abs_pic16f648a_9f      udata   0x00009f       data   0x000001
             UD_serial2_0      udata   0x0000a0       data   0x000010
             UD_serial2_1      udata   0x0000b0       data   0x000010
             UD_serial2_2      udata   0x0000c0       data   0x000010
              UDL_idata_0      udata   0x0000d0       data   0x00000c
          UD_shadowregs_0      udata   0x0000dd       data   0x000001
 
                              Program Memory Usage
                               Start         End
                           ---------   ---------
                            0x002007    0x002007
                            0x0006c3    0x0006c3
                            00000000    0x000002
                            0x000004    0x000039
                            0x0005ee    0x00065b
                            0x0006c4    0x0006c4
                            0x0006c5    0x0006c5
                            0x0006c6    0x0006c6
                            0x00003a    0x000559
                            0x0006c7    0x0006c7
                            0x000800    0x000c2e
                            0x0006b6    0x0006c2
                            0x0006c8    0x0006c8
                            0x00055a    0x0005ed
                            0x00065c    0x00068f
                            0x000690    0x0006b5
 
                            2808 program addresses used
 
                              Symbols
                     Name    Address   Location    Storage File
                ---------  ---------  ---------  --------- ---------
                    PSAVE   0x000070       data     extern extruder0-extruder1.asm
                    SSAVE   0x000071       data     extern extruder0-extruder1.asm
                    WSAVE   0x000072       data     extern extruder0-extruder1.asm
                    STK12   0x000073       data     extern extruder0-extruder1.asm
                    STK11   0x000074       data     extern extruder0-extruder1.asm
                    STK10   0x000075       data     extern extruder0-extruder1.asm
                    STK09   0x000076       data     extern extruder0-extruder1.asm
                    STK08   0x000077       data     extern extruder0-extruder1.asm
                    STK07   0x000078       data     extern extruder0-extruder1.asm
                    STK06   0x000079       data     extern extruder0-extruder1.asm
                    STK05   0x00007a       data     extern extruder0-extruder1.asm
                    STK04   0x00007b       data     extern extruder0-extruder1.asm
                    STK03   0x00007c       data     extern extruder0-extruder1.asm
                    STK02   0x00007d       data     extern extruder0-extruder1.asm
                    STK01   0x00007e       data     extern extruder0-extruder1.asm
                    STK00   0x00007f       data     extern extruder0-extruder1.asm
           _interruptTemp   0x000067       data     extern extruder0-extruder1.asm
                  r0x1003   0x000068       data     static extruder0-extruder1.asm
           _deviceAddress   0x000069       data     extern extruder0-extruder1.asm
         __sdcc_interrupt   0x000004    program     static extruder0-extruder1.asm
                     _isr   0x000004    program     static extruder0-extruder1.asm
      _c_interrupt_000015   0x000015    program     static extruder0-extruder1.asm
      _c_interrupt_00001c   0x00001c    program     static extruder0-extruder1.asm
               _00106_DS_   0x00001d    program     static extruder0-extruder1.asm
      _c_interrupt_000023   0x000023    program     static extruder0-extruder1.asm
               _00108_DS_   0x000027    program     static extruder0-extruder1.asm
               _00111_DS_   0x00002e    program     static extruder0-extruder1.asm
         END_OF_INTERRUPT   0x000039    program     static extruder0-extruder1.asm
                    _main   0x0005ee    program     extern extruder0-extruder1.asm
   _code_extruder1_000002   0x0005f0    program     static extruder0-extruder1.asm
   _code_extruder1_000006   0x0005f4    program     static extruder0-extruder1.asm
   _code_extruder1_00000d   0x0005fb    program     static extruder0-extruder1.asm
   _code_extruder1_000011   0x0005ff    program     static extruder0-extruder1.asm
               _00123_DS_   0x000603    program     static extruder0-extruder1.asm
   _code_extruder1_000017   0x000605    program     static extruder0-extruder1.asm
   _code_extruder1_000020   0x00060e    program     static extruder0-extruder1.asm
   _code_extruder1_000023   0x000611    program     static extruder0-extruder1.asm
               _00121_DS_   0x000612    program     static extruder0-extruder1.asm
   _code_extruder1_000026   0x000614    program     static extruder0-extruder1.asm
   _code_extruder1_000029   0x000617    program     static extruder0-extruder1.asm
                   _init1   0x00061a    program     extern extruder0-extruder1.asm
               _PWMPeriod   0x00006a       data     extern extruder0-extruder2.asm
                  r0x1026   0x000044       data     static extruder0-extruder2.asm
                  r0x1027   0x000045       data     static extruder0-extruder2.asm
                  r0x101E   0x000046       data     static extruder0-extruder2.asm
                  r0x101F   0x000047       data     static extruder0-extruder2.asm
                  r0x1022   0x000048       data     static extruder0-extruder2.asm
                  r0x1023   0x000049       data     static extruder0-extruder2.asm
                  r0x1024   0x00004a       data     static extruder0-extruder2.asm
                  r0x1025   0x00004b       data     static extruder0-extruder2.asm
                  r0x1020   0x00004c       data     static extruder0-extruder2.asm
                  r0x1021   0x00004d       data     static extruder0-extruder2.asm
                  r0x1019   0x00004e       data     static extruder0-extruder2.asm
                  r0x101A   0x00004f       data     static extruder0-extruder2.asm
                  r0x101B   0x000050       data     static extruder0-extruder2.asm
                  r0x101C   0x000051       data     static extruder0-extruder2.asm
                  r0x101D   0x000052       data     static extruder0-extruder2.asm
                _portaval   0x000053       data     static extruder0-extruder2.asm
           _extrude_click   0x000054       data     static extruder0-extruder2.asm
          _material_click   0x000055       data     static extruder0-extruder2.asm
               _lastPortA   0x000056       data     static extruder0-extruder2.asm
              _seekNotify   0x000057       data     static extruder0-extruder2.asm
        _currentDirection   0x000058       data     static extruder0-extruder2.asm
               _seekSpeed   0x000059       data     static extruder0-extruder2.asm
               _lastPortB   0x00005a       data     static extruder0-extruder2.asm
          _requestedHeat0   0x00005b       data     static extruder0-extruder2.asm
          _requestedHeat1   0x00005c       data     static extruder0-extruder2.asm
       _temperatureLimit0   0x00005d       data     static extruder0-extruder2.asm
       _temperatureLimit1   0x00005e       data     static extruder0-extruder2.asm
             _heatCounter   0x00005f       data     static extruder0-extruder2.asm
         _lastTemperature   0x000060       data     static extruder0-extruder2.asm
         _temperatureVRef   0x000061       data     static extruder0-extruder2.asm
_temperatureNotUpdatedCounter   0x000062       data     static extruder0-extruder2.asm
         _currentPosition   0x000063       data     static extruder0-extruder2.asm
            _seekPosition   0x000065       data     static extruder0-extruder2.asm
           _pulseCounter1   0x00006b       data     static extruder0-extruder2.asm
           _pulseCounter2   0x00006c       data     static extruder0-extruder2.asm
             _solenoid_on   0x00006d       data     static extruder0-extruder2.asm
                   _dummy   0x00003a    program     extern extruder0-extruder2.asm
          _processCommand   0x00003e    program     extern extruder0-extruder2.asm
               _00273_DS_   0x00009b    program     static extruder0-extruder2.asm
   _code_extruder2_000063   0x00009d    program     static extruder0-extruder2.asm
   _code_extruder2_000067   0x0000a1    program     static extruder0-extruder2.asm
   _code_extruder2_00006b   0x0000a5    program     static extruder0-extruder2.asm
   _code_extruder2_00006f   0x0000a9    program     static extruder0-extruder2.asm
   _code_extruder2_000072   0x0000ac    program     static extruder0-extruder2.asm
               _00274_DS_   0x0000ae    program     static extruder0-extruder2.asm
   _code_extruder2_000076   0x0000b0    program     static extruder0-extruder2.asm
   _code_extruder2_00007a   0x0000b4    program     static extruder0-extruder2.asm
   _code_extruder2_000086   0x0000c0    program     static extruder0-extruder2.asm
               _00282_DS_   0x0000c2    program     static extruder0-extruder2.asm
   _code_extruder2_00009e   0x0000d8    program     static extruder0-extruder2.asm
               _00276_DS_   0x0000da    program     static extruder0-extruder2.asm
   _code_extruder2_0000a3   0x0000dd    program     static extruder0-extruder2.asm
               _00279_DS_   0x0000df    program     static extruder0-extruder2.asm
   _code_extruder2_0000a8   0x0000e2    program     static extruder0-extruder2.asm
               _00283_DS_   0x0000e3    program     static extruder0-extruder2.asm
   _code_extruder2_0000ac   0x0000e6    program     static extruder0-extruder2.asm
   _code_extruder2_0000b0   0x0000ea    program     static extruder0-extruder2.asm
   _code_extruder2_0000b3   0x0000ed    program     static extruder0-extruder2.asm
               _00284_DS_   0x0000ef    program     static extruder0-extruder2.asm
   _code_extruder2_0000b7   0x0000f1    program     static extruder0-extruder2.asm
   _code_extruder2_0000bb   0x0000f5    program     static extruder0-extruder2.asm
   _code_extruder2_0000bf   0x0000f9    program     static extruder0-extruder2.asm
   _code_extruder2_0000c2   0x0000fc    program     static extruder0-extruder2.asm
               _00285_DS_   0x0000fe    program     static extruder0-extruder2.asm
               _00286_DS_   0x000107    program     static extruder0-extruder2.asm
               _00287_DS_   0x000110    program     static extruder0-extruder2.asm
               _00288_DS_   0x000123    program     static extruder0-extruder2.asm
   _code_extruder2_0000eb   0x000125    program     static extruder0-extruder2.asm
   _code_extruder2_0000ef   0x000129    program     static extruder0-extruder2.asm
   _code_extruder2_0000f8   0x000132    program     static extruder0-extruder2.asm
   _code_extruder2_000101   0x00013b    program     static extruder0-extruder2.asm
   _code_extruder2_000104   0x00013e    program     static extruder0-extruder2.asm
               _00289_DS_   0x000140    program     static extruder0-extruder2.asm
               _00362_DS_   0x000170    program     static extruder0-extruder2.asm
               _00363_DS_   0x000196    program     static extruder0-extruder2.asm
               _00291_DS_   0x00019b    program     static extruder0-extruder2.asm
               _00295_DS_   0x00019e    program     static extruder0-extruder2.asm
               _00296_DS_   0x0001a0    program     static extruder0-extruder2.asm
               _00297_DS_   0x0001a7    program     static extruder0-extruder2.asm
   _code_extruder2_00016f   0x0001a9    program     static extruder0-extruder2.asm
   _code_extruder2_000173   0x0001ad    program     static extruder0-extruder2.asm
               _00001_DS_   0x0001b8    program     static extruder0-extruder2.asm
   _code_extruder2_000187   0x0001c1    program     static extruder0-extruder2.asm
   _code_extruder2_00018a   0x0001c4    program     static extruder0-extruder2.asm
               _00298_DS_   0x0001c6    program     static extruder0-extruder2.asm
               _00299_DS_   0x0001e5    program     static extruder0-extruder2.asm
   _code_extruder2_0001ad   0x0001e7    program     static extruder0-extruder2.asm
   _code_extruder2_0001b1   0x0001eb    program     static extruder0-extruder2.asm
   _code_extruder2_0001b7   0x0001f1    program     static extruder0-extruder2.asm
   _code_extruder2_0001bb   0x0001f5    program     static extruder0-extruder2.asm
   _code_extruder2_0001be   0x0001f8    program     static extruder0-extruder2.asm
               _00300_DS_   0x0001fa    program     static extruder0-extruder2.asm
               _00301_DS_   0x000202    program     static extruder0-extruder2.asm
               _00302_DS_   0x00020d    program     static extruder0-extruder2.asm
               _00303_DS_   0x00021b    program     static extruder0-extruder2.asm
               _00304_DS_   0x000228    program     static extruder0-extruder2.asm
               _00305_DS_   0x000243    program     static extruder0-extruder2.asm
   _code_extruder2_00020b   0x000245    program     static extruder0-extruder2.asm
   _code_extruder2_00020f   0x000249    program     static extruder0-extruder2.asm
   _code_extruder2_000215   0x00024f    program     static extruder0-extruder2.asm
   _code_extruder2_00021b   0x000255    program     static extruder0-extruder2.asm
   _code_extruder2_000221   0x00025b    program     static extruder0-extruder2.asm
   _code_extruder2_000227   0x000261    program     static extruder0-extruder2.asm
   _code_extruder2_00022d   0x000267    program     static extruder0-extruder2.asm
   _code_extruder2_000230   0x00026a    program     static extruder0-extruder2.asm
               _00306_DS_   0x00026c    program     static extruder0-extruder2.asm
   _code_extruder2_000234   0x00026e    program     static extruder0-extruder2.asm
   _code_extruder2_000238   0x000272    program     static extruder0-extruder2.asm
   _code_extruder2_00023e   0x000278    program     static extruder0-extruder2.asm
   _code_extruder2_000244   0x00027e    program     static extruder0-extruder2.asm
   _code_extruder2_00024a   0x000284    program     static extruder0-extruder2.asm
   _code_extruder2_000250   0x00028a    program     static extruder0-extruder2.asm
   _code_extruder2_000256   0x000290    program     static extruder0-extruder2.asm
   _code_extruder2_00025c   0x000296    program     static extruder0-extruder2.asm
   _code_extruder2_00025f   0x000299    program     static extruder0-extruder2.asm
               _00307_DS_   0x00029b    program     static extruder0-extruder2.asm
               _00308_DS_   0x00029e    program     static extruder0-extruder2.asm
               _00309_DS_   0x0002a0    program     static extruder0-extruder2.asm
        _checkTemperature   0x0002a3    program     extern extruder0-extruder2.asm
               _00261_DS_   0x0002a9    program     static extruder0-extruder2.asm
               _00267_DS_   0x0002b2    program     static extruder0-extruder2.asm
               _00268_DS_   0x0002b5    program     static extruder0-extruder2.asm
               _00264_DS_   0x0002c0    program     static extruder0-extruder2.asm
   _code_extruder2_000297   0x0002d1    program     static extruder0-extruder2.asm
               _00248_DS_   0x0002ec    program     static extruder0-extruder2.asm
               _00252_DS_   0x0002fd    program     static extruder0-extruder2.asm
               _00254_DS_   0x000307    program     static extruder0-extruder2.asm
               _00255_DS_   0x000310    program     static extruder0-extruder2.asm
   _code_extruder2_0002e1   0x00031b    program     static extruder0-extruder2.asm
   _code_extruder2_0002fa   0x000334    program     static extruder0-extruder2.asm
               _00258_DS_   0x000335    program     static extruder0-extruder2.asm
   _code_extruder2_000301   0x00033b    program     static extruder0-extruder2.asm
   _code_extruder2_000304   0x00033e    program     static extruder0-extruder2.asm
               _motorTick   0x000347    program     extern extruder0-extruder2.asm
               _00233_DS_   0x000370    program     static extruder0-extruder2.asm
               _00234_DS_   0x000389    program     static extruder0-extruder2.asm
               _00239_DS_   0x0003af    program     static extruder0-extruder2.asm
   _code_extruder2_000380   0x0003ba    program     static extruder0-extruder2.asm
   _code_extruder2_00038a   0x0003c4    program     static extruder0-extruder2.asm
   _code_extruder2_00038e   0x0003c8    program     static extruder0-extruder2.asm
   _code_extruder2_000391   0x0003cb    program     static extruder0-extruder2.asm
               _00243_DS_   0x0003cc    program     static extruder0-extruder2.asm
               _timerTick   0x0003cf    program     extern extruder0-extruder2.asm
               _00194_DS_   0x0003db    program     static extruder0-extruder2.asm
               _00195_DS_   0x0003dd    program     static extruder0-extruder2.asm
               _00192_DS_   0x0003e7    program     static extruder0-extruder2.asm
               _00187_DS_   0x0003ff    program     static extruder0-extruder2.asm
               _00182_DS_   0x000417    program     static extruder0-extruder2.asm
               _00196_DS_   0x000418    program     static extruder0-extruder2.asm
               _00199_DS_   0x00043b    program     static extruder0-extruder2.asm
               _00202_DS_   0x000443    program     static extruder0-extruder2.asm
               _00205_DS_   0x000446    program     static extruder0-extruder2.asm
                _setSpeed   0x000449    program     extern extruder0-extruder2.asm
               _00174_DS_   0x000453    program     static extruder0-extruder2.asm
               _00171_DS_   0x00045b    program     static extruder0-extruder2.asm
               _00175_DS_   0x00045c    program     static extruder0-extruder2.asm
               _00176_DS_   0x000466    program     static extruder0-extruder2.asm
                  _pwmSet   0x000467    program     extern extruder0-extruder2.asm
               _00163_DS_   0x00047f    program     static extruder0-extruder2.asm
               _00164_DS_   0x000483    program     static extruder0-extruder2.asm
               _00165_DS_   0x000489    program     static extruder0-extruder2.asm
                   _init2   0x00048c    program     extern extruder0-extruder2.asm
                _solenoid   0x0004d2    program     extern extruder0-extruder2.asm
               _00153_DS_   0x0004e2    program     static extruder0-extruder2.asm
               _00154_DS_   0x0004e5    program     static extruder0-extruder2.asm
          _solenoid_delay   0x0004ed    program     extern extruder0-extruder2.asm
   _code_extruder2_0004b6   0x0004f0    program     static extruder0-extruder2.asm
              _set_cooler   0x0004fe    program     extern extruder0-extruder2.asm
               _00141_DS_   0x000508    program     static extruder0-extruder2.asm
               _00143_DS_   0x00050b    program     static extruder0-extruder2.asm
              _change_log   0x00050c    program     extern extruder0-extruder2.asm
               _00002_DS_   0x00051c    program     static extruder0-extruder2.asm
               _00129_DS_   0x000534    program     static extruder0-extruder2.asm
               _heater_on   0x00053b    program     extern extruder0-extruder2.asm
              _heater_off   0x000543    program     extern extruder0-extruder2.asm
        _extruder_reverse   0x00054b    program     extern extruder0-extruder2.asm
        _extruder_forward   0x000550    program     extern extruder0-extruder2.asm
           _extruder_stop   0x000555    program     extern extruder0-extruder2.asm
            _serialStatus   0x00006e       data     extern serial1.asm
                  r0x1017   0x000020       data     static serial1.asm
                  r0x1018   0x000021       data     static serial1.asm
                  r0x1014   0x000022       data     static serial1.asm
                  r0x1015   0x000023       data     static serial1.asm
                  r0x1016   0x000024       data     static serial1.asm
                  r0x1019   0x000025       data     static serial1.asm
                  r0x101A   0x000026       data     static serial1.asm
                  r0x101B   0x000027       data     static serial1.asm
                  r0x1025   0x000028       data     static serial1.asm
                  r0x1026   0x000029       data     static serial1.asm
                  r0x1027   0x00002a       data     static serial1.asm
                  r0x1028   0x00002b       data     static serial1.asm
                  r0x1022   0x00002c       data     static serial1.asm
                  r0x1023   0x00002d       data     static serial1.asm
                  r0x1021   0x00002e       data     static serial1.asm
                  r0x1020   0x00002f       data     static serial1.asm
                  r0x101C   0x000030       data     static serial1.asm
                  r0x101D   0x000031       data     static serial1.asm
                  r0x101E   0x000032       data     static serial1.asm
                  r0x1012   0x000033       data     static serial1.asm
                  r0x1013   0x000034       data     static serial1.asm
             _flash_count   0x000035       data     static serial1.asm
                   _flash   0x000036       data     static serial1.asm
                _flashOFF   0x000037       data     static serial1.asm
                 _flashON   0x000038       data     static serial1.asm
      _transmitBufferHead   0x000039       data     static serial1.asm
      _transmitBufferTail   0x00003a       data     static serial1.asm
                     _crc   0x00003b       data     static serial1.asm
                 _in_hdb2   0x00003c       data     static serial1.asm
                 _in_hdb1   0x00003d       data     static serial1.asm
            _packetLength   0x00003e       data     static serial1.asm
           _sourceAddress   0x00003f       data     static serial1.asm
             _bufferIndex   0x000040       data     static serial1.asm
   _receivedSourceAddress   0x000041       data     static serial1.asm
        _sendPacketLength   0x000042       data     static serial1.asm
   _sendPacketDestination   0x000043       data     static serial1.asm
               _uartState   0x0000dc       data     static serial1.asm
  _serialInterruptHandler   0x000800    program     extern serial1.asm
               _00336_DS_   0x000816    program     static serial1.asm
               _00339_DS_   0x000831    program     static serial1.asm
               _00342_DS_   0x000836    program     static serial1.asm
              _endMessage   0x000839    program     extern serial1.asm
               _00324_DS_   0x00083c    program     static serial1.asm
     _code_serial1_000045   0x000845    program     static serial1.asm
     _code_serial1_000048   0x000848    program     static serial1.asm
     _code_serial1_00004b   0x00084b    program     static serial1.asm
     _code_serial1_00004e   0x00084e    program     static serial1.asm
     _code_serial1_000051   0x000851    program     static serial1.asm
               _00326_DS_   0x000856    program     static serial1.asm
           _endMessageISR   0x00085b    program     extern serial1.asm
        _endMessageIntern   0x00085d    program     static serial1.asm
               _00311_DS_   0x00088b    program     static serial1.asm
               _00314_DS_   0x0008a9    program     static serial1.asm
               _00315_DS_   0x0008b0    program     static serial1.asm
             _packetReady   0x0008b1    program     extern serial1.asm
               _00001_DS_   0x0008c6    program     static serial1.asm
               _sendReply   0x0008cd    program     extern serial1.asm
             _sendMessage   0x0008d2    program     extern serial1.asm
               _00288_DS_   0x0008d8    program     static serial1.asm
     _code_serial1_0000e1   0x0008e1    program     static serial1.asm
     _code_serial1_0000e4   0x0008e4    program     static serial1.asm
     _code_serial1_0000e7   0x0008e7    program     static serial1.asm
     _code_serial1_0000ea   0x0008ea    program     static serial1.asm
     _code_serial1_0000ed   0x0008ed    program     static serial1.asm
               _00290_DS_   0x0008f2    program     static serial1.asm
          _sendMessageISR   0x0008fa    program     extern serial1.asm
               _00274_DS_   0x00090b    program     static serial1.asm
               _00275_DS_   0x00090d    program     static serial1.asm
               _00279_DS_   0x000912    program     static serial1.asm
       _sendMessageIntern   0x000913    program     static serial1.asm
             _releaseLock   0x000923    program     extern serial1.asm
         _sendDataByteISR   0x00092d    program     extern serial1.asm
            _sendDataByte   0x00092f    program     extern serial1.asm
      _sendDataByteIntern   0x00093d    program     static serial1.asm
               _00253_DS_   0x000961    program     static serial1.asm
            _uartTransmit   0x000964    program     extern serial1.asm
               _00238_DS_   0x000994    program     static serial1.asm
       _uartNotifyReceive   0x000997    program     extern serial1.asm
               _00159_DS_   0x0009a8    program     static serial1.asm
               _00224_DS_   0x0009c1    program     static serial1.asm
               _00160_DS_   0x0009cc    program     static serial1.asm
               _00163_DS_   0x0009da    program     static serial1.asm
               _00168_DS_   0x0009ee    program     static serial1.asm
               _00165_DS_   0x0009fa    program     static serial1.asm
               _00166_DS_   0x0009fd    program     static serial1.asm
               _00170_DS_   0x000a09    program     static serial1.asm
               _00174_DS_   0x000a1d    program     static serial1.asm
               _00172_DS_   0x000a2a    program     static serial1.asm
               _00176_DS_   0x000a33    program     static serial1.asm
     _code_serial1_00023e   0x000a3e    program     static serial1.asm
     _code_serial1_000244   0x000a44    program     static serial1.asm
     _code_serial1_00024a   0x000a4a    program     static serial1.asm
     _code_serial1_000250   0x000a50    program     static serial1.asm
               _00178_DS_   0x000a5a    program     static serial1.asm
               _00180_DS_   0x000a63    program     static serial1.asm
     _code_serial1_00026a   0x000a6a    program     static serial1.asm
     _code_serial1_000275   0x000a75    program     static serial1.asm
     _code_serial1_00027d   0x000a7d    program     static serial1.asm
     _code_serial1_000287   0x000a87    program     static serial1.asm
     _code_serial1_000291   0x000a91    program     static serial1.asm
     _code_serial1_000297   0x000a97    program     static serial1.asm
               _00182_DS_   0x000aa1    program     static serial1.asm
               _00184_DS_   0x000ab3    program     static serial1.asm
               _00187_DS_   0x000ad9    program     static serial1.asm
               _00189_DS_   0x000aed    program     static serial1.asm
               _00190_DS_   0x000af1    program     static serial1.asm
     _code_serial1_0002f8   0x000af8    program     static serial1.asm
     _code_serial1_000305   0x000b05    program     static serial1.asm
     _code_serial1_00030d   0x000b0d    program     static serial1.asm
     _code_serial1_000317   0x000b17    program     static serial1.asm
     _code_serial1_000321   0x000b21    program     static serial1.asm
     _code_serial1_000327   0x000b27    program     static serial1.asm
               _00192_DS_   0x000b2b    program     static serial1.asm
               _00193_DS_   0x000b30    program     static serial1.asm
     _code_serial1_000335   0x000b35    program     static serial1.asm
               _00195_DS_   0x000b43    program     static serial1.asm
               _00196_DS_   0x000b48    program     static serial1.asm
     _code_serial1_00034d   0x000b4d    program     static serial1.asm
               _00197_DS_   0x000b53    program     static serial1.asm
     _code_serial1_000358   0x000b58    program     static serial1.asm
               _00198_DS_   0x000b61    program     static serial1.asm
     _code_serial1_000366   0x000b66    program     static serial1.asm
               _00200_DS_   0x000b6f    program     static serial1.asm
               _00202_DS_   0x000b77    program     static serial1.asm
               _00204_DS_   0x000b7c    program     static serial1.asm
        _uartReceiveError   0x000b7d    program     extern serial1.asm
               _00151_DS_   0x000b85    program     static serial1.asm
     _code_serial1_000388   0x000b88    program     static serial1.asm
               _00148_DS_   0x000b8d    program     static serial1.asm
              _computeCRC   0x000b96    program     extern serial1.asm
               _00128_DS_   0x000baa    program     static serial1.asm
               _00130_DS_   0x000bb2    program     static serial1.asm
               _00132_DS_   0x000bba    program     static serial1.asm
               _00134_DS_   0x000bc2    program     static serial1.asm
               _00136_DS_   0x000bca    program     static serial1.asm
               _00138_DS_   0x000bd2    program     static serial1.asm
               _00140_DS_   0x000bda    program     static serial1.asm
               _00142_DS_   0x000be2    program     static serial1.asm
             _serial_init   0x000be6    program     extern serial1.asm
                _setFlash   0x000c01    program     extern serial1.asm
                   _LEDon   0x000c09    program     extern serial1.asm
                _flashLED   0x000c0d    program     extern serial1.asm
               _00106_DS_   0x000c25    program     static serial1.asm
               _00110_DS_   0x000c2e    program     static serial1.asm
                  _buffer   0x0000a0       data     extern serial2.asm
          _transmitBuffer   0x0000b0       data     extern serial2.asm
              _sendPacket   0x0000c0       data     extern serial2.asm
                _clearwdt   0x0006b6    program     extern serial2.asm
              _delay_10us   0x0006b8    program     extern serial2.asm
        ___sdcc_saved_fsr   0x0000dd       data     extern ../build/libsdcc/shadowregs.asm
                  r0x1001   0x0000d0       data     static ../build/libsdcc/idata.asm
                  r0x1000   0x0000d1       data     static ../build/libsdcc/idata.asm
                  r0x1002   0x0000d2       data     static ../build/libsdcc/idata.asm
                  r0x1003   0x0000d3       data     static ../build/libsdcc/idata.asm
                  r0x1004   0x0000d4       data     static ../build/libsdcc/idata.asm
                  r0x1005   0x0000d5       data     static ../build/libsdcc/idata.asm
                  r0x1007   0x0000d6       data     static ../build/libsdcc/idata.asm
                  r0x1006   0x0000d7       data     static ../build/libsdcc/idata.asm
                  r0x1009   0x0000d8       data     static ../build/libsdcc/idata.asm
                  r0x1008   0x0000d9       data     static ../build/libsdcc/idata.asm
                  r0x100B   0x0000da       data     static ../build/libsdcc/idata.asm
                  r0x100A   0x0000db       data     static ../build/libsdcc/idata.asm
             _force_cinit   0x0000de       data     static ../build/libsdcc/idata.asm
    __sdcc_gsinit_startup   0x00055a    program     extern ../build/libsdcc/idata.asm
       _code_idata_000008   0x000562    program     static ../build/libsdcc/idata.asm
               _00108_DS_   0x00056d    program     static ../build/libsdcc/idata.asm
       _code_idata_000030   0x00058a    program     static ../build/libsdcc/idata.asm
       _code_idata_00003f   0x000599    program     static ../build/libsdcc/idata.asm
       _code_idata_000057   0x0005b1    program     static ../build/libsdcc/idata.asm
               _00105_DS_   0x0005ba    program     static ../build/libsdcc/idata.asm
       _code_idata_000076   0x0005d0    program     static ../build/libsdcc/idata.asm
               _00107_DS_   0x0005e3    program     static ../build/libsdcc/idata.asm
               _00110_DS_   0x0005ea    program     static ../build/libsdcc/idata.asm
                __gptrget   0x00065c    program     extern _gptrget1.Spp
               __gptrget1   0x00065c    program     extern _gptrget1.Spp
            __dataptrget1   0x000663    program     static _gptrget1.Spp
            __codeptrget1   0x00066a    program     extern _gptrget1.Spp
               __gptrget2   0x00066f    program     extern _gptrget2.Spp
            __dataptrget2   0x000677    program     static _gptrget2.Spp
            __codeptrget2   0x000681    program     static _gptrget2.Spp
                    _INDF   00000000       data     extern pic16f648a.asm
                    _TMR0   0x000001       data     extern pic16f648a.asm
                     _PCL   0x000002       data     extern pic16f648a.asm
             _STATUS_bits   0x000003       data     extern pic16f648a.asm
                  _STATUS   0x000003       data     extern pic16f648a.asm
                     _FSR   0x000004       data     extern pic16f648a.asm
              _PORTA_bits   0x000005       data     extern pic16f648a.asm
                   _PORTA   0x000005       data     extern pic16f648a.asm
              _PORTB_bits   0x000006       data     extern pic16f648a.asm
                   _PORTB   0x000006       data     extern pic16f648a.asm
                  _PCLATH   0x00000a       data     extern pic16f648a.asm
             _INTCON_bits   0x00000b       data     extern pic16f648a.asm
                  _INTCON   0x00000b       data     extern pic16f648a.asm
               _PIR1_bits   0x00000c       data     extern pic16f648a.asm
                    _PIR1   0x00000c       data     extern pic16f648a.asm
                   _TMR1L   0x00000e       data     extern pic16f648a.asm
                   _TMR1H   0x00000f       data     extern pic16f648a.asm
              _T1CON_bits   0x000010       data     extern pic16f648a.asm
                   _T1CON   0x000010       data     extern pic16f648a.asm
                    _TMR2   0x000011       data     extern pic16f648a.asm
              _T2CON_bits   0x000012       data     extern pic16f648a.asm
                   _T2CON   0x000012       data     extern pic16f648a.asm
                  _CCPR1L   0x000015       data     extern pic16f648a.asm
                  _CCPR1H   0x000016       data     extern pic16f648a.asm
            _CCP1CON_bits   0x000017       data     extern pic16f648a.asm
                 _CCP1CON   0x000017       data     extern pic16f648a.asm
              _RCSTA_bits   0x000018       data     extern pic16f648a.asm
                   _RCSTA   0x000018       data     extern pic16f648a.asm
                   _TXREG   0x000019       data     extern pic16f648a.asm
                   _RCREG   0x00001a       data     extern pic16f648a.asm
              _CMCON_bits   0x00001f       data     extern pic16f648a.asm
                   _CMCON   0x00001f       data     extern pic16f648a.asm
         _OPTION_REG_bits   0x000081       data     extern pic16f648a.asm
              _OPTION_REG   0x000081       data     extern pic16f648a.asm
              _TRISA_bits   0x000085       data     extern pic16f648a.asm
                   _TRISA   0x000085       data     extern pic16f648a.asm
              _TRISB_bits   0x000086       data     extern pic16f648a.asm
                   _TRISB   0x000086       data     extern pic16f648a.asm
               _PIE1_bits   0x00008c       data     extern pic16f648a.asm
                    _PIE1   0x00008c       data     extern pic16f648a.asm
               _PCON_bits   0x00008e       data     extern pic16f648a.asm
                    _PCON   0x00008e       data     extern pic16f648a.asm
                     _PR2   0x000092       data     extern pic16f648a.asm
              _TXSTA_bits   0x000098       data     extern pic16f648a.asm
                   _TXSTA   0x000098       data     extern pic16f648a.asm
                   _SPBRG   0x000099       data     extern pic16f648a.asm
                  _EEDATA   0x00009a       data     extern pic16f648a.asm
                   _EEADR   0x00009b       data     extern pic16f648a.asm
             _EECON1_bits   0x00009c       data     extern pic16f648a.asm
                  _EECON1   0x00009c       data     extern pic16f648a.asm
                  _EECON2   0x00009d       data     extern pic16f648a.asm
              _VRCON_bits   0x00009f       data     extern pic16f648a.asm
                   _VRCON   0x00009f       data     extern pic16f648a.asm
                   _cinit   0x000690    program     extern  
 
