gplink-0.13.4 alpha
Map File - Created 6-13-2008  14:34:02
 
                                 Section Info
                  Section       Type    Address   Location Size(Bytes)
                ---------  ---------  ---------  ---------  ---------
                  STARTUP       code   00000000    program   0x000006
              c_interrupt       code   0x000004    program   0x000048
          code_stepmotor2       code   0x000028    program   0x000aaa
               code_idata       code   0x00057d    program   0x000128
          code_stepmotor1       code   0x000611    program   0x000108
                    .code       code   0x000695    program   0x000068
                   .cinit       code   0x0006c9    program   0x000064
             code_serial2       code   0x0006fb    program   0x00001a
        ID_stepmotor1_0_i       code   0x000708    program   0x000002
        ID_stepmotor2_0_i       code   0x000709    program   0x000002
        ID_stepmotor2_1_i       code   0x00070a    program   0x000002
        ID_stepmotor2_2_i       code   0x00070b    program   0x000002
        ID_stepmotor2_3_i       code   0x00070c    program   0x000002
        ID_stepmotor2_4_i       code   0x00070d    program   0x000002
           ID_serial1_0_i       code   0x00070e    program   0x000002
             ID_idata_0_i       code   0x00070f    program   0x000002
             code_serial1       code   0x000800    program   0x00085e
                  .config       code   0x002007    program   0x000002
          ID_stepmotor1_0      idata   0x0000ce       data   0x000001
          ID_stepmotor2_0      idata   0x0000cf       data   0x000001
          ID_stepmotor2_1      idata   0x0000d0       data   0x000001
          ID_stepmotor2_2      idata   0x0000d1       data   0x000001
          ID_stepmotor2_3      idata   0x0000d2       data   0x000001
          ID_stepmotor2_4      idata   0x0000d3       data   0x000001
             ID_serial1_0      idata   0x0000d5       data   0x000001
               ID_idata_0      idata   0x0000d7       data   0x000001
      UD_abs_pic16f648a_0      udata   00000000       data   0x000001
      UD_abs_pic16f648a_1      udata   0x000001       data   0x000001
      UD_abs_pic16f648a_2      udata   0x000002       data   0x000001
      UD_abs_pic16f648a_3      udata   0x000003       data   0x000001
      UD_abs_pic16f648a_4      udata   0x000004       data   0x000001
      UD_abs_pic16f648a_5      udata   0x000005       data   0x000001
      UD_abs_pic16f648a_6      udata   0x000006       data   0x000001
      UD_abs_pic16f648a_a      udata   0x00000a       data   0x000001
      UD_abs_pic16f648a_b      udata   0x00000b       data   0x000001
      UD_abs_pic16f648a_c      udata   0x00000c       data   0x000001
      UD_abs_pic16f648a_e      udata   0x00000e       data   0x000001
      UD_abs_pic16f648a_f      udata   0x00000f       data   0x000001
     UD_abs_pic16f648a_10      udata   0x000010       data   0x000001
     UD_abs_pic16f648a_11      udata   0x000011       data   0x000001
     UD_abs_pic16f648a_12      udata   0x000012       data   0x000001
     UD_abs_pic16f648a_15      udata   0x000015       data   0x000001
     UD_abs_pic16f648a_16      udata   0x000016       data   0x000001
     UD_abs_pic16f648a_17      udata   0x000017       data   0x000001
     UD_abs_pic16f648a_18      udata   0x000018       data   0x000001
     UD_abs_pic16f648a_19      udata   0x000019       data   0x000001
     UD_abs_pic16f648a_1a      udata   0x00001a       data   0x000001
     UD_abs_pic16f648a_1f      udata   0x00001f       data   0x000001
            UDL_serial1_0      udata   0x000020       data   0x000024
         UDL_stepmotor2_0      udata   0x000044       data   0x00001b
             UD_serial2_0      udata   0x00005f       data   0x000010
                sharebank      udata   0x000070       data   0x000010
     UD_abs_pic16f648a_81      udata   0x000081       data   0x000001
     UD_abs_pic16f648a_85      udata   0x000085       data   0x000001
     UD_abs_pic16f648a_86      udata   0x000086       data   0x000001
     UD_abs_pic16f648a_8c      udata   0x00008c       data   0x000001
     UD_abs_pic16f648a_8e      udata   0x00008e       data   0x000001
     UD_abs_pic16f648a_92      udata   0x000092       data   0x000001
     UD_abs_pic16f648a_98      udata   0x000098       data   0x000001
     UD_abs_pic16f648a_99      udata   0x000099       data   0x000001
     UD_abs_pic16f648a_9a      udata   0x00009a       data   0x000001
     UD_abs_pic16f648a_9b      udata   0x00009b       data   0x000001
     UD_abs_pic16f648a_9c      udata   0x00009c       data   0x000001
     UD_abs_pic16f648a_9d      udata   0x00009d       data   0x000001
     UD_abs_pic16f648a_9f      udata   0x00009f       data   0x000001
             UD_serial2_1      udata   0x0000a0       data   0x000010
             UD_serial2_2      udata   0x0000b0       data   0x000010
              UDL_idata_0      udata   0x0000c0       data   0x00000c
         UDL_stepmotor1_0      udata   0x0000cc       data   0x000002
             UD_serial1_0      udata   0x0000d4       data   0x000001
          UD_shadowregs_0      udata   0x0000d6       data   0x000001
 
                              Program Memory Usage
                               Start         End
                           ---------   ---------
                            0x002007    0x002007
                            0x000708    0x000708
                            00000000    0x000002
                            0x000004    0x000027
                            0x000611    0x000694
                            0x000709    0x000709
                            0x00070a    0x00070a
                            0x00070b    0x00070b
                            0x00070c    0x00070c
                            0x00070d    0x00070d
                            0x000028    0x00057c
                            0x00070e    0x00070e
                            0x000800    0x000c2e
                            0x0006fb    0x000707
                            0x00070f    0x00070f
                            0x00057d    0x000610
                            0x000695    0x0006c8
                            0x0006c9    0x0006fa
 
                            2879 program addresses used
 
                              Symbols
                     Name    Address   Location    Storage File
                ---------  ---------  ---------  --------- ---------
                    PSAVE   0x000070       data     extern stepmotory-stepmotor1.asm
                    SSAVE   0x000071       data     extern stepmotory-stepmotor1.asm
                    WSAVE   0x000072       data     extern stepmotory-stepmotor1.asm
                    STK12   0x000073       data     extern stepmotory-stepmotor1.asm
                    STK11   0x000074       data     extern stepmotory-stepmotor1.asm
                    STK10   0x000075       data     extern stepmotory-stepmotor1.asm
                    STK09   0x000076       data     extern stepmotory-stepmotor1.asm
                    STK08   0x000077       data     extern stepmotory-stepmotor1.asm
                    STK07   0x000078       data     extern stepmotory-stepmotor1.asm
                    STK06   0x000079       data     extern stepmotory-stepmotor1.asm
                    STK05   0x00007a       data     extern stepmotory-stepmotor1.asm
                    STK04   0x00007b       data     extern stepmotory-stepmotor1.asm
                    STK03   0x00007c       data     extern stepmotory-stepmotor1.asm
                    STK02   0x00007d       data     extern stepmotory-stepmotor1.asm
                    STK01   0x00007e       data     extern stepmotory-stepmotor1.asm
                    STK00   0x00007f       data     extern stepmotory-stepmotor1.asm
                  r0x1001   0x0000cc       data     static stepmotory-stepmotor1.asm
                  r0x1002   0x0000cd       data     static stepmotory-stepmotor1.asm
           _deviceAddress   0x0000ce       data     extern stepmotory-stepmotor1.asm
         __sdcc_interrupt   0x000004    program     static stepmotory-stepmotor1.asm
                     _isr   0x000004    program     static stepmotory-stepmotor1.asm
      _c_interrupt_000011   0x000011    program     static stepmotory-stepmotor1.asm
      _c_interrupt_000018   0x000018    program     static stepmotory-stepmotor1.asm
               _00107_DS_   0x00001c    program     static stepmotory-stepmotor1.asm
         END_OF_INTERRUPT   0x000027    program     static stepmotory-stepmotor1.asm
                    _main   0x000611    program     extern stepmotory-stepmotor1.asm
  _code_stepmotor1_000006   0x000617    program     static stepmotory-stepmotor1.asm
  _code_stepmotor1_000009   0x00061a    program     static stepmotory-stepmotor1.asm
  _code_stepmotor1_000010   0x000621    program     static stepmotory-stepmotor1.asm
               _00127_DS_   0x00062b    program     static stepmotory-stepmotor1.asm
  _code_stepmotor1_00001c   0x00062d    program     static stepmotory-stepmotor1.asm
  _code_stepmotor1_000025   0x000636    program     static stepmotory-stepmotor1.asm
  _code_stepmotor1_000028   0x000639    program     static stepmotory-stepmotor1.asm
               _00119_DS_   0x00063a    program     static stepmotory-stepmotor1.asm
               _00120_DS_   0x000644    program     static stepmotory-stepmotor1.asm
  _code_stepmotor1_000039   0x00064a    program     static stepmotory-stepmotor1.asm
               _00124_DS_   0x00064b    program     static stepmotory-stepmotor1.asm
  _code_stepmotor1_00003c   0x00064d    program     static stepmotory-stepmotor1.asm
                   _init1   0x000650    program     extern stepmotory-stepmotor1.asm
                  r0x1017   0x000044       data     static stepmotory-stepmotor2.asm
                  r0x1015   0x000045       data     static stepmotory-stepmotor2.asm
                  r0x1016   0x000046       data     static stepmotory-stepmotor2.asm
                  r0x1022   0x000047       data     static stepmotory-stepmotor2.asm
                  r0x101D   0x000048       data     static stepmotory-stepmotor2.asm
                  r0x101E   0x000049       data     static stepmotory-stepmotor2.asm
                  r0x101F   0x00004a       data     static stepmotory-stepmotor2.asm
                  r0x1020   0x00004b       data     static stepmotory-stepmotor2.asm
                  r0x1021   0x00004c       data     static stepmotory-stepmotor2.asm
                  r0x1019   0x00004d       data     static stepmotory-stepmotor2.asm
                  r0x101A   0x00004e       data     static stepmotory-stepmotor2.asm
                  r0x101B   0x00004f       data     static stepmotory-stepmotor2.asm
                  r0x101C   0x000050       data     static stepmotory-stepmotor2.asm
                  r0x1011   0x000051       data     static stepmotory-stepmotor2.asm
                  r0x1014   0x000052       data     static stepmotory-stepmotor2.asm
         _currentPosition   0x000053       data     static stepmotory-stepmotor2.asm
            _seekPosition   0x000055       data     static stepmotory-stepmotor2.asm
             _maxPosition   0x000057       data     static stepmotory-stepmotor2.asm
               _dda_error   0x000059       data     static stepmotory-stepmotor2.asm
              _dda_deltay   0x00005b       data     static stepmotory-stepmotor2.asm
              _dda_deltax   0x00005d       data     static stepmotory-stepmotor2.asm
            _coilPosition   0x0000cf       data     static stepmotory-stepmotor2.asm
                _function   0x0000d0       data     static stepmotory-stepmotor2.asm
                   _speed   0x0000d1       data     static stepmotory-stepmotor2.asm
              _seekNotify   0x0000d2       data     static stepmotory-stepmotor2.asm
               _sync_mode   0x0000d3       data     static stepmotory-stepmotor2.asm
          _processCommand   0x000028    program     extern stepmotory-stepmotor2.asm
               _00283_DS_   0x000079    program     static stepmotory-stepmotor2.asm
  _code_stepmotor2_000053   0x00007b    program     static stepmotory-stepmotor2.asm
  _code_stepmotor2_000057   0x00007f    program     static stepmotory-stepmotor2.asm
  _code_stepmotor2_00005b   0x000083    program     static stepmotory-stepmotor2.asm
  _code_stepmotor2_00005f   0x000087    program     static stepmotory-stepmotor2.asm
  _code_stepmotor2_000062   0x00008a    program     static stepmotory-stepmotor2.asm
               _00284_DS_   0x00008c    program     static stepmotory-stepmotor2.asm
  _code_stepmotor2_000066   0x00008e    program     static stepmotory-stepmotor2.asm
  _code_stepmotor2_00006a   0x000092    program     static stepmotory-stepmotor2.asm
  _code_stepmotor2_000076   0x00009e    program     static stepmotory-stepmotor2.asm
               _00292_DS_   0x0000a0    program     static stepmotory-stepmotor2.asm
  _code_stepmotor2_00008e   0x0000b6    program     static stepmotory-stepmotor2.asm
               _00286_DS_   0x0000b8    program     static stepmotory-stepmotor2.asm
  _code_stepmotor2_000093   0x0000bb    program     static stepmotory-stepmotor2.asm
               _00289_DS_   0x0000bd    program     static stepmotory-stepmotor2.asm
  _code_stepmotor2_000098   0x0000c0    program     static stepmotory-stepmotor2.asm
               _00293_DS_   0x0000c1    program     static stepmotory-stepmotor2.asm
  _code_stepmotor2_00009c   0x0000c4    program     static stepmotory-stepmotor2.asm
  _code_stepmotor2_0000a0   0x0000c8    program     static stepmotory-stepmotor2.asm
  _code_stepmotor2_0000a3   0x0000cb    program     static stepmotory-stepmotor2.asm
               _00294_DS_   0x0000cd    program     static stepmotory-stepmotor2.asm
  _code_stepmotor2_0000a7   0x0000cf    program     static stepmotory-stepmotor2.asm
  _code_stepmotor2_0000ab   0x0000d3    program     static stepmotory-stepmotor2.asm
  _code_stepmotor2_0000af   0x0000d7    program     static stepmotory-stepmotor2.asm
  _code_stepmotor2_0000b2   0x0000da    program     static stepmotory-stepmotor2.asm
               _00295_DS_   0x0000dc    program     static stepmotory-stepmotor2.asm
               _00296_DS_   0x0000e8    program     static stepmotory-stepmotor2.asm
               _00297_DS_   0x0000f4    program     static stepmotory-stepmotor2.asm
               _00298_DS_   0x000107    program     static stepmotory-stepmotor2.asm
  _code_stepmotor2_0000e1   0x000109    program     static stepmotory-stepmotor2.asm
  _code_stepmotor2_0000e5   0x00010d    program     static stepmotory-stepmotor2.asm
  _code_stepmotor2_0000ee   0x000116    program     static stepmotory-stepmotor2.asm
  _code_stepmotor2_0000f7   0x00011f    program     static stepmotory-stepmotor2.asm
  _code_stepmotor2_0000fa   0x000122    program     static stepmotory-stepmotor2.asm
               _00299_DS_   0x000124    program     static stepmotory-stepmotor2.asm
               _00301_DS_   0x000141    program     static stepmotory-stepmotor2.asm
               _00302_DS_   0x000145    program     static stepmotory-stepmotor2.asm
               _00303_DS_   0x00014d    program     static stepmotory-stepmotor2.asm
               _00304_DS_   0x000152    program     static stepmotory-stepmotor2.asm
               _00305_DS_   0x000159    program     static stepmotory-stepmotor2.asm
               _00306_DS_   0x000160    program     static stepmotory-stepmotor2.asm
               _00307_DS_   0x00016c    program     static stepmotory-stepmotor2.asm
  _code_stepmotor2_000146   0x00016e    program     static stepmotory-stepmotor2.asm
  _code_stepmotor2_00014a   0x000172    program     static stepmotory-stepmotor2.asm
  _code_stepmotor2_000153   0x00017b    program     static stepmotory-stepmotor2.asm
  _code_stepmotor2_00015c   0x000184    program     static stepmotory-stepmotor2.asm
  _code_stepmotor2_00015f   0x000187    program     static stepmotory-stepmotor2.asm
               _00308_DS_   0x000189    program     static stepmotory-stepmotor2.asm
               _00001_DS_   0x0001d3    program     static stepmotory-stepmotor2.asm
               _00310_DS_   0x0001df    program     static stepmotory-stepmotor2.asm
               _00311_DS_   0x0001eb    program     static stepmotory-stepmotor2.asm
               _00312_DS_   0x0001ed    program     static stepmotory-stepmotor2.asm
               _00313_DS_   0x0001ef    program     static stepmotory-stepmotor2.asm
               _00314_DS_   0x0001f7    program     static stepmotory-stepmotor2.asm
  _code_stepmotor2_0001d1   0x0001f9    program     static stepmotory-stepmotor2.asm
  _code_stepmotor2_0001d5   0x0001fd    program     static stepmotory-stepmotor2.asm
  _code_stepmotor2_0001db   0x000203    program     static stepmotory-stepmotor2.asm
  _code_stepmotor2_0001e1   0x000209    program     static stepmotory-stepmotor2.asm
  _code_stepmotor2_0001e4   0x00020c    program     static stepmotory-stepmotor2.asm
               _00315_DS_   0x00020e    program     static stepmotory-stepmotor2.asm
               _00316_DS_   0x000219    program     static stepmotory-stepmotor2.asm
                _setPower   0x00021c    program     extern stepmotory-stepmotor2.asm
              _syncStrobe   0x000237    program     extern stepmotory-stepmotor2.asm
               _00274_DS_   0x000246    program     static stepmotory-stepmotor2.asm
               _00263_DS_   0x00024a    program     static stepmotory-stepmotor2.asm
               _00264_DS_   0x00024b    program     static stepmotory-stepmotor2.asm
               _00267_DS_   0x000257    program     static stepmotory-stepmotor2.asm
               _00268_DS_   0x000259    program     static stepmotory-stepmotor2.asm
               _00270_DS_   0x00025a    program     static stepmotory-stepmotor2.asm
               _timerTick   0x00025b    program     extern stepmotory-stepmotor2.asm
               _00253_DS_   0x00026e    program     static stepmotory-stepmotor2.asm
               _00192_DS_   0x000277    program     static stepmotory-stepmotor2.asm
  _code_stepmotor2_000257   0x00027f    program     static stepmotory-stepmotor2.asm
               _00193_DS_   0x000281    program     static stepmotory-stepmotor2.asm
               _00194_DS_   0x000283    program     static stepmotory-stepmotor2.asm
               _00195_DS_   0x000285    program     static stepmotory-stepmotor2.asm
               _00254_DS_   0x0002a5    program     static stepmotory-stepmotor2.asm
               _00200_DS_   0x0002a9    program     static stepmotory-stepmotor2.asm
               _00255_DS_   0x0002c9    program     static stepmotory-stepmotor2.asm
               _00197_DS_   0x0002cd    program     static stepmotory-stepmotor2.asm
  _code_stepmotor2_0002a7   0x0002cf    program     static stepmotory-stepmotor2.asm
               _00201_DS_   0x0002d3    program     static stepmotory-stepmotor2.asm
  _code_stepmotor2_0002ba   0x0002e2    program     static stepmotory-stepmotor2.asm
  _code_stepmotor2_0002c4   0x0002ec    program     static stepmotory-stepmotor2.asm
  _code_stepmotor2_0002cd   0x0002f5    program     static stepmotory-stepmotor2.asm
  _code_stepmotor2_0002d6   0x0002fe    program     static stepmotory-stepmotor2.asm
  _code_stepmotor2_0002d9   0x000301    program     static stepmotory-stepmotor2.asm
               _00203_DS_   0x000303    program     static stepmotory-stepmotor2.asm
               _00208_DS_   0x000308    program     static stepmotory-stepmotor2.asm
               _00210_DS_   0x000315    program     static stepmotory-stepmotor2.asm
               _00212_DS_   0x000317    program     static stepmotory-stepmotor2.asm
               _00214_DS_   0x000331    program     static stepmotory-stepmotor2.asm
               _00215_DS_   0x000332    program     static stepmotory-stepmotor2.asm
  _code_stepmotor2_000319   0x000341    program     static stepmotory-stepmotor2.asm
  _code_stepmotor2_000323   0x00034b    program     static stepmotory-stepmotor2.asm
  _code_stepmotor2_00032c   0x000354    program     static stepmotory-stepmotor2.asm
  _code_stepmotor2_000335   0x00035d    program     static stepmotory-stepmotor2.asm
  _code_stepmotor2_000338   0x000360    program     static stepmotory-stepmotor2.asm
               _00217_DS_   0x000362    program     static stepmotory-stepmotor2.asm
               _00222_DS_   0x000367    program     static stepmotory-stepmotor2.asm
               _00223_DS_   0x000368    program     static stepmotory-stepmotor2.asm
               _00224_DS_   0x00036a    program     static stepmotory-stepmotor2.asm
               _00226_DS_   0x000376    program     static stepmotory-stepmotor2.asm
               _00227_DS_   0x000377    program     static stepmotory-stepmotor2.asm
  _code_stepmotor2_00035e   0x000386    program     static stepmotory-stepmotor2.asm
  _code_stepmotor2_000368   0x000390    program     static stepmotory-stepmotor2.asm
  _code_stepmotor2_00036b   0x000393    program     static stepmotory-stepmotor2.asm
               _00229_DS_   0x000395    program     static stepmotory-stepmotor2.asm
               _00234_DS_   0x000399    program     static stepmotory-stepmotor2.asm
                _dda_step   0x0003a0    program     static stepmotory-stepmotor2.asm
               _00163_DS_   0x0003c4    program     static stepmotory-stepmotor2.asm
               _00185_DS_   0x0003e4    program     static stepmotory-stepmotor2.asm
               _00160_DS_   0x0003e8    program     static stepmotory-stepmotor2.asm
               _00164_DS_   0x0003e9    program     static stepmotory-stepmotor2.asm
  _code_stepmotor2_0003d0   0x0003f8    program     static stepmotory-stepmotor2.asm
  _code_stepmotor2_0003da   0x000402    program     static stepmotory-stepmotor2.asm
  _code_stepmotor2_0003e3   0x00040b    program     static stepmotory-stepmotor2.asm
  _code_stepmotor2_0003ec   0x000414    program     static stepmotory-stepmotor2.asm
  _code_stepmotor2_0003ef   0x000417    program     static stepmotory-stepmotor2.asm
               _00166_DS_   0x000419    program     static stepmotory-stepmotor2.asm
               _00173_DS_   0x00041e    program     static stepmotory-stepmotor2.asm
               _00002_DS_   0x00043a    program     static stepmotory-stepmotor2.asm
               _00187_DS_   0x000457    program     static stepmotory-stepmotor2.asm
               _00003_DS_   0x00046a    program     static stepmotory-stepmotor2.asm
             _strobe_sync   0x00046b    program     extern stepmotory-stepmotor2.asm
               _00154_DS_   0x000475    program     static stepmotory-stepmotor2.asm
                _setTimer   0x00047f    program     extern stepmotory-stepmotor2.asm
               _00146_DS_   0x000491    program     static stepmotory-stepmotor2.asm
               _00147_DS_   0x000494    program     static stepmotory-stepmotor2.asm
                _reverse1   0x000497    program     extern stepmotory-stepmotor2.asm
  _code_stepmotor2_000471   0x000499    program     static stepmotory-stepmotor2.asm
               _00139_DS_   0x0004a3    program     static stepmotory-stepmotor2.asm
               _00140_DS_   0x0004ca    program     static stepmotory-stepmotor2.asm
                _forward1   0x0004cd    program     extern stepmotory-stepmotor2.asm
  _code_stepmotor2_0004a7   0x0004cf    program     static stepmotory-stepmotor2.asm
               _00132_DS_   0x0004d9    program     static stepmotory-stepmotor2.asm
               _00133_DS_   0x0004fe    program     static stepmotory-stepmotor2.asm
             _motor_click   0x000501    program     extern stepmotory-stepmotor2.asm
               _00126_DS_   0x000515    program     static stepmotory-stepmotor2.asm
               _00113_DS_   0x00051d    program     static stepmotory-stepmotor2.asm
               _00114_DS_   0x000524    program     static stepmotory-stepmotor2.asm
               _00115_DS_   0x00052b    program     static stepmotory-stepmotor2.asm
               _00116_DS_   0x000532    program     static stepmotory-stepmotor2.asm
               _00117_DS_   0x000539    program     static stepmotory-stepmotor2.asm
               _00118_DS_   0x000540    program     static stepmotory-stepmotor2.asm
               _00119_DS_   0x000547    program     static stepmotory-stepmotor2.asm
               _00120_DS_   0x00054e    program     static stepmotory-stepmotor2.asm
               _00121_DS_   0x000554    program     static stepmotory-stepmotor2.asm
              _motor_stop   0x000557    program     extern stepmotory-stepmotor2.asm
                   _init2   0x000560    program     extern stepmotory-stepmotor2.asm
            _serialStatus   0x0000d4       data     extern serial1.asm
                  r0x1017   0x000020       data     static serial1.asm
                  r0x1018   0x000021       data     static serial1.asm
                  r0x1014   0x000022       data     static serial1.asm
                  r0x1015   0x000023       data     static serial1.asm
                  r0x1016   0x000024       data     static serial1.asm
                  r0x1019   0x000025       data     static serial1.asm
                  r0x101A   0x000026       data     static serial1.asm
                  r0x101B   0x000027       data     static serial1.asm
                  r0x1025   0x000028       data     static serial1.asm
                  r0x1026   0x000029       data     static serial1.asm
                  r0x1027   0x00002a       data     static serial1.asm
                  r0x1028   0x00002b       data     static serial1.asm
                  r0x1022   0x00002c       data     static serial1.asm
                  r0x1023   0x00002d       data     static serial1.asm
                  r0x1021   0x00002e       data     static serial1.asm
                  r0x1020   0x00002f       data     static serial1.asm
                  r0x101C   0x000030       data     static serial1.asm
                  r0x101D   0x000031       data     static serial1.asm
                  r0x101E   0x000032       data     static serial1.asm
                  r0x1012   0x000033       data     static serial1.asm
                  r0x1013   0x000034       data     static serial1.asm
             _flash_count   0x000035       data     static serial1.asm
                   _flash   0x000036       data     static serial1.asm
                _flashOFF   0x000037       data     static serial1.asm
                 _flashON   0x000038       data     static serial1.asm
      _transmitBufferHead   0x000039       data     static serial1.asm
      _transmitBufferTail   0x00003a       data     static serial1.asm
                     _crc   0x00003b       data     static serial1.asm
                 _in_hdb2   0x00003c       data     static serial1.asm
                 _in_hdb1   0x00003d       data     static serial1.asm
            _packetLength   0x00003e       data     static serial1.asm
           _sourceAddress   0x00003f       data     static serial1.asm
             _bufferIndex   0x000040       data     static serial1.asm
   _receivedSourceAddress   0x000041       data     static serial1.asm
        _sendPacketLength   0x000042       data     static serial1.asm
   _sendPacketDestination   0x000043       data     static serial1.asm
               _uartState   0x0000d5       data     static serial1.asm
  _serialInterruptHandler   0x000800    program     extern serial1.asm
               _00336_DS_   0x000816    program     static serial1.asm
               _00339_DS_   0x000831    program     static serial1.asm
               _00342_DS_   0x000836    program     static serial1.asm
              _endMessage   0x000839    program     extern serial1.asm
               _00324_DS_   0x00083c    program     static serial1.asm
     _code_serial1_000045   0x000845    program     static serial1.asm
     _code_serial1_000048   0x000848    program     static serial1.asm
     _code_serial1_00004b   0x00084b    program     static serial1.asm
     _code_serial1_00004e   0x00084e    program     static serial1.asm
     _code_serial1_000051   0x000851    program     static serial1.asm
               _00326_DS_   0x000856    program     static serial1.asm
           _endMessageISR   0x00085b    program     extern serial1.asm
        _endMessageIntern   0x00085d    program     static serial1.asm
               _00311_DS_   0x00088b    program     static serial1.asm
               _00314_DS_   0x0008a9    program     static serial1.asm
               _00315_DS_   0x0008b0    program     static serial1.asm
             _packetReady   0x0008b1    program     extern serial1.asm
               _00001_DS_   0x0008c6    program     static serial1.asm
               _sendReply   0x0008cd    program     extern serial1.asm
             _sendMessage   0x0008d2    program     extern serial1.asm
               _00288_DS_   0x0008d8    program     static serial1.asm
     _code_serial1_0000e1   0x0008e1    program     static serial1.asm
     _code_serial1_0000e4   0x0008e4    program     static serial1.asm
     _code_serial1_0000e7   0x0008e7    program     static serial1.asm
     _code_serial1_0000ea   0x0008ea    program     static serial1.asm
     _code_serial1_0000ed   0x0008ed    program     static serial1.asm
               _00290_DS_   0x0008f2    program     static serial1.asm
          _sendMessageISR   0x0008fa    program     extern serial1.asm
               _00274_DS_   0x00090b    program     static serial1.asm
               _00275_DS_   0x00090d    program     static serial1.asm
               _00279_DS_   0x000912    program     static serial1.asm
       _sendMessageIntern   0x000913    program     static serial1.asm
             _releaseLock   0x000923    program     extern serial1.asm
         _sendDataByteISR   0x00092d    program     extern serial1.asm
            _sendDataByte   0x00092f    program     extern serial1.asm
      _sendDataByteIntern   0x00093d    program     static serial1.asm
               _00253_DS_   0x000961    program     static serial1.asm
            _uartTransmit   0x000964    program     extern serial1.asm
               _00238_DS_   0x000994    program     static serial1.asm
       _uartNotifyReceive   0x000997    program     extern serial1.asm
               _00159_DS_   0x0009a8    program     static serial1.asm
               _00224_DS_   0x0009c1    program     static serial1.asm
               _00160_DS_   0x0009cc    program     static serial1.asm
               _00163_DS_   0x0009da    program     static serial1.asm
               _00168_DS_   0x0009ee    program     static serial1.asm
               _00165_DS_   0x0009fa    program     static serial1.asm
               _00166_DS_   0x0009fd    program     static serial1.asm
               _00170_DS_   0x000a09    program     static serial1.asm
               _00174_DS_   0x000a1d    program     static serial1.asm
               _00172_DS_   0x000a2a    program     static serial1.asm
               _00176_DS_   0x000a33    program     static serial1.asm
     _code_serial1_00023e   0x000a3e    program     static serial1.asm
     _code_serial1_000244   0x000a44    program     static serial1.asm
     _code_serial1_00024a   0x000a4a    program     static serial1.asm
     _code_serial1_000250   0x000a50    program     static serial1.asm
               _00178_DS_   0x000a5a    program     static serial1.asm
               _00180_DS_   0x000a63    program     static serial1.asm
     _code_serial1_00026a   0x000a6a    program     static serial1.asm
     _code_serial1_000275   0x000a75    program     static serial1.asm
     _code_serial1_00027d   0x000a7d    program     static serial1.asm
     _code_serial1_000287   0x000a87    program     static serial1.asm
     _code_serial1_000291   0x000a91    program     static serial1.asm
     _code_serial1_000297   0x000a97    program     static serial1.asm
               _00182_DS_   0x000aa1    program     static serial1.asm
               _00184_DS_   0x000ab3    program     static serial1.asm
               _00187_DS_   0x000ad9    program     static serial1.asm
               _00189_DS_   0x000aed    program     static serial1.asm
               _00190_DS_   0x000af1    program     static serial1.asm
     _code_serial1_0002f8   0x000af8    program     static serial1.asm
     _code_serial1_000305   0x000b05    program     static serial1.asm
     _code_serial1_00030d   0x000b0d    program     static serial1.asm
     _code_serial1_000317   0x000b17    program     static serial1.asm
     _code_serial1_000321   0x000b21    program     static serial1.asm
     _code_serial1_000327   0x000b27    program     static serial1.asm
               _00192_DS_   0x000b2b    program     static serial1.asm
               _00193_DS_   0x000b30    program     static serial1.asm
     _code_serial1_000335   0x000b35    program     static serial1.asm
               _00195_DS_   0x000b43    program     static serial1.asm
               _00196_DS_   0x000b48    program     static serial1.asm
     _code_serial1_00034d   0x000b4d    program     static serial1.asm
               _00197_DS_   0x000b53    program     static serial1.asm
     _code_serial1_000358   0x000b58    program     static serial1.asm
               _00198_DS_   0x000b61    program     static serial1.asm
     _code_serial1_000366   0x000b66    program     static serial1.asm
               _00200_DS_   0x000b6f    program     static serial1.asm
               _00202_DS_   0x000b77    program     static serial1.asm
               _00204_DS_   0x000b7c    program     static serial1.asm
        _uartReceiveError   0x000b7d    program     extern serial1.asm
               _00151_DS_   0x000b85    program     static serial1.asm
     _code_serial1_000388   0x000b88    program     static serial1.asm
               _00148_DS_   0x000b8d    program     static serial1.asm
              _computeCRC   0x000b96    program     extern serial1.asm
               _00128_DS_   0x000baa    program     static serial1.asm
               _00130_DS_   0x000bb2    program     static serial1.asm
               _00132_DS_   0x000bba    program     static serial1.asm
               _00134_DS_   0x000bc2    program     static serial1.asm
               _00136_DS_   0x000bca    program     static serial1.asm
               _00138_DS_   0x000bd2    program     static serial1.asm
               _00140_DS_   0x000bda    program     static serial1.asm
               _00142_DS_   0x000be2    program     static serial1.asm
             _serial_init   0x000be6    program     extern serial1.asm
                _setFlash   0x000c01    program     extern serial1.asm
                   _LEDon   0x000c09    program     extern serial1.asm
                _flashLED   0x000c0d    program     extern serial1.asm
               _00106_DS_   0x000c25    program     static serial1.asm
               _00110_DS_   0x000c2e    program     static serial1.asm
                  _buffer   0x00005f       data     extern serial2.asm
          _transmitBuffer   0x0000a0       data     extern serial2.asm
              _sendPacket   0x0000b0       data     extern serial2.asm
                _clearwdt   0x0006fb    program     extern serial2.asm
              _delay_10us   0x0006fd    program     extern serial2.asm
        ___sdcc_saved_fsr   0x0000d6       data     extern ../build/libsdcc/shadowregs.asm
                  r0x1001   0x0000c0       data     static ../build/libsdcc/idata.asm
                  r0x1000   0x0000c1       data     static ../build/libsdcc/idata.asm
                  r0x1002   0x0000c2       data     static ../build/libsdcc/idata.asm
                  r0x1003   0x0000c3       data     static ../build/libsdcc/idata.asm
                  r0x1004   0x0000c4       data     static ../build/libsdcc/idata.asm
                  r0x1005   0x0000c5       data     static ../build/libsdcc/idata.asm
                  r0x1007   0x0000c6       data     static ../build/libsdcc/idata.asm
                  r0x1006   0x0000c7       data     static ../build/libsdcc/idata.asm
                  r0x1009   0x0000c8       data     static ../build/libsdcc/idata.asm
                  r0x1008   0x0000c9       data     static ../build/libsdcc/idata.asm
                  r0x100B   0x0000ca       data     static ../build/libsdcc/idata.asm
                  r0x100A   0x0000cb       data     static ../build/libsdcc/idata.asm
             _force_cinit   0x0000d7       data     static ../build/libsdcc/idata.asm
    __sdcc_gsinit_startup   0x00057d    program     extern ../build/libsdcc/idata.asm
       _code_idata_000008   0x000585    program     static ../build/libsdcc/idata.asm
               _00108_DS_   0x000590    program     static ../build/libsdcc/idata.asm
       _code_idata_000030   0x0005ad    program     static ../build/libsdcc/idata.asm
       _code_idata_00003f   0x0005bc    program     static ../build/libsdcc/idata.asm
       _code_idata_000057   0x0005d4    program     static ../build/libsdcc/idata.asm
               _00105_DS_   0x0005dd    program     static ../build/libsdcc/idata.asm
       _code_idata_000076   0x0005f3    program     static ../build/libsdcc/idata.asm
               _00107_DS_   0x000606    program     static ../build/libsdcc/idata.asm
               _00110_DS_   0x00060d    program     static ../build/libsdcc/idata.asm
                __gptrget   0x000695    program     extern _gptrget1.Spp
               __gptrget1   0x000695    program     extern _gptrget1.Spp
            __dataptrget1   0x00069c    program     static _gptrget1.Spp
            __codeptrget1   0x0006a3    program     extern _gptrget1.Spp
               __gptrget2   0x0006a8    program     extern _gptrget2.Spp
            __dataptrget2   0x0006b0    program     static _gptrget2.Spp
            __codeptrget2   0x0006ba    program     static _gptrget2.Spp
                    _INDF   00000000       data     extern pic16f648a.asm
                    _TMR0   0x000001       data     extern pic16f648a.asm
                     _PCL   0x000002       data     extern pic16f648a.asm
             _STATUS_bits   0x000003       data     extern pic16f648a.asm
                  _STATUS   0x000003       data     extern pic16f648a.asm
                     _FSR   0x000004       data     extern pic16f648a.asm
              _PORTA_bits   0x000005       data     extern pic16f648a.asm
                   _PORTA   0x000005       data     extern pic16f648a.asm
              _PORTB_bits   0x000006       data     extern pic16f648a.asm
                   _PORTB   0x000006       data     extern pic16f648a.asm
                  _PCLATH   0x00000a       data     extern pic16f648a.asm
             _INTCON_bits   0x00000b       data     extern pic16f648a.asm
                  _INTCON   0x00000b       data     extern pic16f648a.asm
               _PIR1_bits   0x00000c       data     extern pic16f648a.asm
                    _PIR1   0x00000c       data     extern pic16f648a.asm
                   _TMR1L   0x00000e       data     extern pic16f648a.asm
                   _TMR1H   0x00000f       data     extern pic16f648a.asm
              _T1CON_bits   0x000010       data     extern pic16f648a.asm
                   _T1CON   0x000010       data     extern pic16f648a.asm
                    _TMR2   0x000011       data     extern pic16f648a.asm
              _T2CON_bits   0x000012       data     extern pic16f648a.asm
                   _T2CON   0x000012       data     extern pic16f648a.asm
                  _CCPR1L   0x000015       data     extern pic16f648a.asm
                  _CCPR1H   0x000016       data     extern pic16f648a.asm
            _CCP1CON_bits   0x000017       data     extern pic16f648a.asm
                 _CCP1CON   0x000017       data     extern pic16f648a.asm
              _RCSTA_bits   0x000018       data     extern pic16f648a.asm
                   _RCSTA   0x000018       data     extern pic16f648a.asm
                   _TXREG   0x000019       data     extern pic16f648a.asm
                   _RCREG   0x00001a       data     extern pic16f648a.asm
              _CMCON_bits   0x00001f       data     extern pic16f648a.asm
                   _CMCON   0x00001f       data     extern pic16f648a.asm
         _OPTION_REG_bits   0x000081       data     extern pic16f648a.asm
              _OPTION_REG   0x000081       data     extern pic16f648a.asm
              _TRISA_bits   0x000085       data     extern pic16f648a.asm
                   _TRISA   0x000085       data     extern pic16f648a.asm
              _TRISB_bits   0x000086       data     extern pic16f648a.asm
                   _TRISB   0x000086       data     extern pic16f648a.asm
               _PIE1_bits   0x00008c       data     extern pic16f648a.asm
                    _PIE1   0x00008c       data     extern pic16f648a.asm
               _PCON_bits   0x00008e       data     extern pic16f648a.asm
                    _PCON   0x00008e       data     extern pic16f648a.asm
                     _PR2   0x000092       data     extern pic16f648a.asm
              _TXSTA_bits   0x000098       data     extern pic16f648a.asm
                   _TXSTA   0x000098       data     extern pic16f648a.asm
                   _SPBRG   0x000099       data     extern pic16f648a.asm
                  _EEDATA   0x00009a       data     extern pic16f648a.asm
                   _EEADR   0x00009b       data     extern pic16f648a.asm
             _EECON1_bits   0x00009c       data     extern pic16f648a.asm
                  _EECON1   0x00009c       data     extern pic16f648a.asm
                  _EECON2   0x00009d       data     extern pic16f648a.asm
              _VRCON_bits   0x00009f       data     extern pic16f648a.asm
                   _VRCON   0x00009f       data     extern pic16f648a.asm
                   _cinit   0x0006c9    program     extern  
 
