gplink-0.13.4 alpha
Map File - Created 6-13-2008  14:34:04
 
                                 Section Info
                  Section       Type    Address   Location Size(Bytes)
                ---------  ---------  ---------  ---------  ---------
                  STARTUP       code   00000000    program   0x000006
              c_interrupt       code   0x000004    program   0x000056
             code_serial1       code   0x00002f    program   0x00085e
           code_extruder2       code   0x00045e    program   0x000690
                    .code       code   0x0007a6    program   0x000068
             code_serial2       code   0x0007da    program   0x00001a
         ID_extruder1_0_i       code   0x0007e7    program   0x000002
         ID_extruder2_0_i       code   0x0007e8    program   0x000002
         ID_extruder2_1_i       code   0x0007e9    program   0x000002
         ID_extruder2_2_i       code   0x0007ea    program   0x000002
         ID_extruder2_3_i       code   0x0007eb    program   0x000002
         ID_extruder2_4_i       code   0x0007ec    program   0x000002
         ID_extruder2_5_i       code   0x0007ed    program   0x000002
         ID_extruder2_6_i       code   0x0007ee    program   0x000002
         ID_extruder2_7_i       code   0x0007ef    program   0x000002
         ID_extruder2_8_i       code   0x0007f0    program   0x000002
         ID_extruder2_9_i       code   0x0007f1    program   0x000002
        ID_extruder2_10_i       code   0x0007f2    program   0x000002
        ID_extruder2_11_i       code   0x0007f3    program   0x000002
        ID_extruder2_12_i       code   0x0007f4    program   0x000002
        ID_extruder2_13_i       code   0x0007f5    program   0x000002
        ID_extruder2_14_i       code   0x0007f6    program   0x000002
        ID_extruder2_15_i       code   0x0007f7    program   0x000002
        ID_extruder2_16_i       code   0x0007f8    program   0x000002
        ID_extruder2_17_i       code   0x0007f9    program   0x000002
        ID_extruder2_18_i       code   0x0007fa    program   0x000002
        ID_extruder2_19_i       code   0x0007fb    program   0x000002
           ID_serial1_0_i       code   0x0007fc    program   0x000002
             ID_idata_0_i       code   0x0007fd    program   0x000002
               code_idata       code   0x000800    program   0x000128
                   .cinit       code   0x000894    program   0x000118
           code_extruder1       code   0x000920    program   0x0000f2
                  .config       code   0x002007    program   0x000002
           ID_extruder1_0      idata   0x0000bf       data   0x000001
           ID_extruder2_0      idata   0x0000c0       data   0x000001
           ID_extruder2_1      idata   0x0000c1       data   0x000001
           ID_extruder2_2      idata   0x0000c2       data   0x000001
           ID_extruder2_3      idata   0x0000c3       data   0x000001
           ID_extruder2_4      idata   0x0000c4       data   0x000001
           ID_extruder2_5      idata   0x0000c5       data   0x000001
           ID_extruder2_6      idata   0x0000c6       data   0x000001
           ID_extruder2_7      idata   0x0000c7       data   0x000001
           ID_extruder2_8      idata   0x0000c8       data   0x000001
           ID_extruder2_9      idata   0x0000c9       data   0x000001
          ID_extruder2_10      idata   0x0000ca       data   0x000001
          ID_extruder2_11      idata   0x0000cb       data   0x000001
          ID_extruder2_12      idata   0x0000cc       data   0x000001
          ID_extruder2_13      idata   0x0000cd       data   0x000001
          ID_extruder2_14      idata   0x0000ce       data   0x000001
          ID_extruder2_15      idata   0x0000cf       data   0x000001
          ID_extruder2_16      idata   0x0000d0       data   0x000001
          ID_extruder2_17      idata   0x0000d1       data   0x000001
          ID_extruder2_18      idata   0x0000d2       data   0x000001
          ID_extruder2_19      idata   0x0000d3       data   0x000001
             ID_serial1_0      idata   0x0000d5       data   0x000001
               ID_idata_0      idata   0x0000d7       data   0x000001
      UD_abs_pic16f648a_0      udata   00000000       data   0x000001
      UD_abs_pic16f648a_1      udata   0x000001       data   0x000001
      UD_abs_pic16f648a_2      udata   0x000002       data   0x000001
      UD_abs_pic16f648a_3      udata   0x000003       data   0x000001
      UD_abs_pic16f648a_4      udata   0x000004       data   0x000001
      UD_abs_pic16f648a_5      udata   0x000005       data   0x000001
      UD_abs_pic16f648a_6      udata   0x000006       data   0x000001
      UD_abs_pic16f648a_a      udata   0x00000a       data   0x000001
      UD_abs_pic16f648a_b      udata   0x00000b       data   0x000001
      UD_abs_pic16f648a_c      udata   0x00000c       data   0x000001
      UD_abs_pic16f648a_e      udata   0x00000e       data   0x000001
      UD_abs_pic16f648a_f      udata   0x00000f       data   0x000001
     UD_abs_pic16f648a_10      udata   0x000010       data   0x000001
     UD_abs_pic16f648a_11      udata   0x000011       data   0x000001
     UD_abs_pic16f648a_12      udata   0x000012       data   0x000001
     UD_abs_pic16f648a_15      udata   0x000015       data   0x000001
     UD_abs_pic16f648a_16      udata   0x000016       data   0x000001
     UD_abs_pic16f648a_17      udata   0x000017       data   0x000001
     UD_abs_pic16f648a_18      udata   0x000018       data   0x000001
     UD_abs_pic16f648a_19      udata   0x000019       data   0x000001
     UD_abs_pic16f648a_1a      udata   0x00001a       data   0x000001
     UD_abs_pic16f648a_1f      udata   0x00001f       data   0x000001
            UDL_serial1_0      udata   0x000020       data   0x000024
             UD_serial2_0      udata   0x000044       data   0x000010
             UD_serial2_1      udata   0x000054       data   0x000010
              UDL_idata_0      udata   0x000064       data   0x00000c
                sharebank      udata   0x000070       data   0x000010
     UD_abs_pic16f648a_81      udata   0x000081       data   0x000001
     UD_abs_pic16f648a_85      udata   0x000085       data   0x000001
     UD_abs_pic16f648a_86      udata   0x000086       data   0x000001
     UD_abs_pic16f648a_8c      udata   0x00008c       data   0x000001
     UD_abs_pic16f648a_8e      udata   0x00008e       data   0x000001
     UD_abs_pic16f648a_92      udata   0x000092       data   0x000001
     UD_abs_pic16f648a_98      udata   0x000098       data   0x000001
     UD_abs_pic16f648a_99      udata   0x000099       data   0x000001
     UD_abs_pic16f648a_9a      udata   0x00009a       data   0x000001
     UD_abs_pic16f648a_9b      udata   0x00009b       data   0x000001
     UD_abs_pic16f648a_9c      udata   0x00009c       data   0x000001
     UD_abs_pic16f648a_9d      udata   0x00009d       data   0x000001
     UD_abs_pic16f648a_9f      udata   0x00009f       data   0x000001
             UD_serial2_2      udata   0x0000a0       data   0x000010
          UDL_extruder2_0      udata   0x0000b0       data   0x00000e
          UDL_extruder1_0      udata   0x0000be       data   0x000001
             UD_serial1_0      udata   0x0000d4       data   0x000001
          UD_shadowregs_0      udata   0x0000d6       data   0x000001
 
                              Program Memory Usage
                               Start         End
                           ---------   ---------
                            0x002007    0x002007
                            0x0007e7    0x0007e7
                            00000000    0x000002
                            0x000004    0x00002e
                            0x000920    0x000998
                            0x0007e8    0x0007e8
                            0x0007e9    0x0007e9
                            0x0007ea    0x0007ea
                            0x0007eb    0x0007eb
                            0x0007ec    0x0007ec
                            0x0007ed    0x0007ed
                            0x0007ee    0x0007ee
                            0x0007ef    0x0007ef
                            0x0007f0    0x0007f0
                            0x0007f1    0x0007f1
                            0x0007f2    0x0007f2
                            0x0007f3    0x0007f3
                            0x0007f4    0x0007f4
                            0x0007f5    0x0007f5
                            0x0007f6    0x0007f6
                            0x0007f7    0x0007f7
                            0x0007f8    0x0007f8
                            0x0007f9    0x0007f9
                            0x0007fa    0x0007fa
                            0x0007fb    0x0007fb
                            0x00045e    0x0007a5
                            0x0007fc    0x0007fc
                            0x00002f    0x00045d
                            0x0007da    0x0007e6
                            0x0007fd    0x0007fd
                            0x000800    0x000893
                            0x0007a6    0x0007d9
                            0x000894    0x00091f
 
                            2455 program addresses used
 
                              Symbols
                     Name    Address   Location    Storage File
                ---------  ---------  ---------  --------- ---------
                    PSAVE   0x000070       data     extern extruder1-extruder1.asm
                    SSAVE   0x000071       data     extern extruder1-extruder1.asm
                    WSAVE   0x000072       data     extern extruder1-extruder1.asm
                    STK12   0x000073       data     extern extruder1-extruder1.asm
                    STK11   0x000074       data     extern extruder1-extruder1.asm
                    STK10   0x000075       data     extern extruder1-extruder1.asm
                    STK09   0x000076       data     extern extruder1-extruder1.asm
                    STK08   0x000077       data     extern extruder1-extruder1.asm
                    STK07   0x000078       data     extern extruder1-extruder1.asm
                    STK06   0x000079       data     extern extruder1-extruder1.asm
                    STK05   0x00007a       data     extern extruder1-extruder1.asm
                    STK04   0x00007b       data     extern extruder1-extruder1.asm
                    STK03   0x00007c       data     extern extruder1-extruder1.asm
                    STK02   0x00007d       data     extern extruder1-extruder1.asm
                    STK01   0x00007e       data     extern extruder1-extruder1.asm
                    STK00   0x00007f       data     extern extruder1-extruder1.asm
                  r0x1002   0x0000be       data     static extruder1-extruder1.asm
           _deviceAddress   0x0000bf       data     extern extruder1-extruder1.asm
         __sdcc_interrupt   0x000004    program     static extruder1-extruder1.asm
                     _isr   0x000004    program     static extruder1-extruder1.asm
      _c_interrupt_000011   0x000011    program     static extruder1-extruder1.asm
      _c_interrupt_000018   0x000018    program     static extruder1-extruder1.asm
               _00106_DS_   0x000019    program     static extruder1-extruder1.asm
      _c_interrupt_00001f   0x00001f    program     static extruder1-extruder1.asm
               _00109_DS_   0x000023    program     static extruder1-extruder1.asm
         END_OF_INTERRUPT   0x00002e    program     static extruder1-extruder1.asm
                    _main   0x000920    program     extern extruder1-extruder1.asm
   _code_extruder1_000002   0x000922    program     static extruder1-extruder1.asm
   _code_extruder1_000006   0x000926    program     static extruder1-extruder1.asm
   _code_extruder1_00000d   0x00092d    program     static extruder1-extruder1.asm
               _00121_DS_   0x000931    program     static extruder1-extruder1.asm
   _code_extruder1_000013   0x000933    program     static extruder1-extruder1.asm
   _code_extruder1_00001c   0x00093c    program     static extruder1-extruder1.asm
   _code_extruder1_00001f   0x00093f    program     static extruder1-extruder1.asm
               _00119_DS_   0x000940    program     static extruder1-extruder1.asm
   _code_extruder1_000022   0x000942    program     static extruder1-extruder1.asm
   _code_extruder1_000025   0x000945    program     static extruder1-extruder1.asm
   _code_extruder1_000028   0x000948    program     static extruder1-extruder1.asm
                   _init1   0x00094b    program     extern extruder1-extruder1.asm
                  r0x101F   0x0000b0       data     static extruder1-extruder2.asm
                  r0x1020   0x0000b1       data     static extruder1-extruder2.asm
                  r0x1021   0x0000b2       data     static extruder1-extruder2.asm
                  r0x101A   0x0000b3       data     static extruder1-extruder2.asm
                  r0x101B   0x0000b4       data     static extruder1-extruder2.asm
                  r0x101C   0x0000b5       data     static extruder1-extruder2.asm
                  r0x101D   0x0000b6       data     static extruder1-extruder2.asm
                  r0x101E   0x0000b7       data     static extruder1-extruder2.asm
                  r0x1018   0x0000b8       data     static extruder1-extruder2.asm
                  r0x1019   0x0000b9       data     static extruder1-extruder2.asm
         _currentPosition   0x0000ba       data     static extruder1-extruder2.asm
            _seekPosition   0x0000bc       data     static extruder1-extruder2.asm
               _PWMPeriod   0x0000c0       data     extern extruder1-extruder2.asm
        _currentDirection   0x0000c1       data     static extruder1-extruder2.asm
               _seekSpeed   0x0000c2       data     static extruder1-extruder2.asm
              _seekNotify   0x0000c3       data     static extruder1-extruder2.asm
               _lastPortB   0x0000c4       data     static extruder1-extruder2.asm
               _lastPortA   0x0000c5       data     static extruder1-extruder2.asm
           _extrude_click   0x0000c6       data     static extruder1-extruder2.asm
          _material_click   0x0000c7       data     static extruder1-extruder2.asm
          _requestedHeat0   0x0000c8       data     static extruder1-extruder2.asm
          _requestedHeat1   0x0000c9       data     static extruder1-extruder2.asm
             _heatCounter   0x0000ca       data     static extruder1-extruder2.asm
           _pulseCounter1   0x0000cb       data     static extruder1-extruder2.asm
           _pulseCounter2   0x0000cc       data     static extruder1-extruder2.asm
             _solenoid_on   0x0000cd       data     static extruder1-extruder2.asm
       _temperatureLimit0   0x0000ce       data     static extruder1-extruder2.asm
       _temperatureLimit1   0x0000cf       data     static extruder1-extruder2.asm
         _lastTemperature   0x0000d0       data     static extruder1-extruder2.asm
      _lastTemperatureRef   0x0000d1       data     static extruder1-extruder2.asm
         _temperatureVRef   0x0000d2       data     static extruder1-extruder2.asm
                _portaval   0x0000d3       data     static extruder1-extruder2.asm
                   _dummy   0x00045e    program     extern extruder1-extruder2.asm
          _processCommand   0x000462    program     extern extruder1-extruder2.asm
               _00204_DS_   0x0004af    program     static extruder1-extruder2.asm
   _code_extruder2_000053   0x0004b1    program     static extruder1-extruder2.asm
   _code_extruder2_000057   0x0004b5    program     static extruder1-extruder2.asm
   _code_extruder2_00005b   0x0004b9    program     static extruder1-extruder2.asm
   _code_extruder2_00005f   0x0004bd    program     static extruder1-extruder2.asm
   _code_extruder2_000062   0x0004c0    program     static extruder1-extruder2.asm
               _00205_DS_   0x0004c2    program     static extruder1-extruder2.asm
   _code_extruder2_000066   0x0004c4    program     static extruder1-extruder2.asm
   _code_extruder2_00006a   0x0004c8    program     static extruder1-extruder2.asm
   _code_extruder2_000076   0x0004d4    program     static extruder1-extruder2.asm
               _00213_DS_   0x0004d6    program     static extruder1-extruder2.asm
   _code_extruder2_00008e   0x0004ec    program     static extruder1-extruder2.asm
               _00207_DS_   0x0004ee    program     static extruder1-extruder2.asm
   _code_extruder2_000093   0x0004f1    program     static extruder1-extruder2.asm
               _00210_DS_   0x0004f3    program     static extruder1-extruder2.asm
   _code_extruder2_000098   0x0004f6    program     static extruder1-extruder2.asm
               _00214_DS_   0x0004f7    program     static extruder1-extruder2.asm
   _code_extruder2_00009c   0x0004fa    program     static extruder1-extruder2.asm
   _code_extruder2_0000a0   0x0004fe    program     static extruder1-extruder2.asm
   _code_extruder2_0000a3   0x000501    program     static extruder1-extruder2.asm
               _00215_DS_   0x000503    program     static extruder1-extruder2.asm
   _code_extruder2_0000a7   0x000505    program     static extruder1-extruder2.asm
   _code_extruder2_0000ab   0x000509    program     static extruder1-extruder2.asm
   _code_extruder2_0000af   0x00050d    program     static extruder1-extruder2.asm
   _code_extruder2_0000b2   0x000510    program     static extruder1-extruder2.asm
               _00216_DS_   0x000512    program     static extruder1-extruder2.asm
               _00217_DS_   0x00051a    program     static extruder1-extruder2.asm
               _00218_DS_   0x00051d    program     static extruder1-extruder2.asm
               _00219_DS_   0x000530    program     static extruder1-extruder2.asm
   _code_extruder2_0000d4   0x000532    program     static extruder1-extruder2.asm
   _code_extruder2_0000d8   0x000536    program     static extruder1-extruder2.asm
   _code_extruder2_0000e1   0x00053f    program     static extruder1-extruder2.asm
   _code_extruder2_0000ea   0x000548    program     static extruder1-extruder2.asm
   _code_extruder2_0000ed   0x00054b    program     static extruder1-extruder2.asm
               _00220_DS_   0x00054d    program     static extruder1-extruder2.asm
               _00221_DS_   0x000560    program     static extruder1-extruder2.asm
               _00222_DS_   0x000563    program     static extruder1-extruder2.asm
               _00223_DS_   0x00056a    program     static extruder1-extruder2.asm
   _code_extruder2_00010e   0x00056c    program     static extruder1-extruder2.asm
   _code_extruder2_000112   0x000570    program     static extruder1-extruder2.asm
               _00001_DS_   0x00057b    program     static extruder1-extruder2.asm
   _code_extruder2_000126   0x000584    program     static extruder1-extruder2.asm
   _code_extruder2_000129   0x000587    program     static extruder1-extruder2.asm
               _00224_DS_   0x000589    program     static extruder1-extruder2.asm
               _00225_DS_   0x0005a2    program     static extruder1-extruder2.asm
   _code_extruder2_000146   0x0005a4    program     static extruder1-extruder2.asm
   _code_extruder2_00014a   0x0005a8    program     static extruder1-extruder2.asm
   _code_extruder2_000150   0x0005ae    program     static extruder1-extruder2.asm
   _code_extruder2_000156   0x0005b4    program     static extruder1-extruder2.asm
   _code_extruder2_000159   0x0005b7    program     static extruder1-extruder2.asm
               _00226_DS_   0x0005b9    program     static extruder1-extruder2.asm
               _00230_DS_   0x0005d5    program     static extruder1-extruder2.asm
               _00231_DS_   0x0005e0    program     static extruder1-extruder2.asm
               _00232_DS_   0x0005ee    program     static extruder1-extruder2.asm
               _00233_DS_   0x0005f5    program     static extruder1-extruder2.asm
               _00235_DS_   0x000609    program     static extruder1-extruder2.asm
        _checkTemperature   0x00060a    program     extern extruder1-extruder2.asm
               _motorTick   0x00060d    program     extern extruder1-extruder2.asm
               _00185_DS_   0x000636    program     static extruder1-extruder2.asm
               _00186_DS_   0x00064f    program     static extruder1-extruder2.asm
               _00191_DS_   0x000675    program     static extruder1-extruder2.asm
   _code_extruder2_000222   0x000680    program     static extruder1-extruder2.asm
   _code_extruder2_00022c   0x00068a    program     static extruder1-extruder2.asm
   _code_extruder2_000230   0x00068e    program     static extruder1-extruder2.asm
   _code_extruder2_000233   0x000691    program     static extruder1-extruder2.asm
               _00195_DS_   0x000692    program     static extruder1-extruder2.asm
               _timerTick   0x000695    program     extern extruder1-extruder2.asm
               _00173_DS_   0x0006a9    program     static extruder1-extruder2.asm
               _00176_DS_   0x0006b1    program     static extruder1-extruder2.asm
               _00179_DS_   0x0006b4    program     static extruder1-extruder2.asm
                _solenoid   0x0006bf    program     extern extruder1-extruder2.asm
               _00166_DS_   0x0006c7    program     static extruder1-extruder2.asm
               _00167_DS_   0x0006c8    program     static extruder1-extruder2.asm
          _solenoid_delay   0x0006ca    program     extern extruder1-extruder2.asm
                  _pwmSet   0x0006d8    program     extern extruder1-extruder2.asm
                   _init2   0x0006e2    program     extern extruder1-extruder2.asm
              _set_cooler   0x00071e    program     extern extruder1-extruder2.asm
               _00147_DS_   0x000728    program     static extruder1-extruder2.asm
               _00148_DS_   0x00072b    program     static extruder1-extruder2.asm
              _change_log   0x000732    program     extern extruder1-extruder2.asm
               _00002_DS_   0x000742    program     static extruder1-extruder2.asm
               _00128_DS_   0x000754    program     static extruder1-extruder2.asm
               _00003_DS_   0x000764    program     static extruder1-extruder2.asm
               _00133_DS_   0x000780    program     static extruder1-extruder2.asm
               _heater_on   0x000787    program     extern extruder1-extruder2.asm
              _heater_off   0x00078f    program     extern extruder1-extruder2.asm
        _extruder_reverse   0x000797    program     extern extruder1-extruder2.asm
        _extruder_forward   0x00079c    program     extern extruder1-extruder2.asm
           _extruder_stop   0x0007a1    program     extern extruder1-extruder2.asm
            _serialStatus   0x0000d4       data     extern serial1.asm
                  r0x1017   0x000020       data     static serial1.asm
                  r0x1018   0x000021       data     static serial1.asm
                  r0x1014   0x000022       data     static serial1.asm
                  r0x1015   0x000023       data     static serial1.asm
                  r0x1016   0x000024       data     static serial1.asm
                  r0x1019   0x000025       data     static serial1.asm
                  r0x101A   0x000026       data     static serial1.asm
                  r0x101B   0x000027       data     static serial1.asm
                  r0x1025   0x000028       data     static serial1.asm
                  r0x1026   0x000029       data     static serial1.asm
                  r0x1027   0x00002a       data     static serial1.asm
                  r0x1028   0x00002b       data     static serial1.asm
                  r0x1022   0x00002c       data     static serial1.asm
                  r0x1023   0x00002d       data     static serial1.asm
                  r0x1021   0x00002e       data     static serial1.asm
                  r0x1020   0x00002f       data     static serial1.asm
                  r0x101C   0x000030       data     static serial1.asm
                  r0x101D   0x000031       data     static serial1.asm
                  r0x101E   0x000032       data     static serial1.asm
                  r0x1012   0x000033       data     static serial1.asm
                  r0x1013   0x000034       data     static serial1.asm
             _flash_count   0x000035       data     static serial1.asm
                   _flash   0x000036       data     static serial1.asm
                _flashOFF   0x000037       data     static serial1.asm
                 _flashON   0x000038       data     static serial1.asm
      _transmitBufferHead   0x000039       data     static serial1.asm
      _transmitBufferTail   0x00003a       data     static serial1.asm
                     _crc   0x00003b       data     static serial1.asm
                 _in_hdb2   0x00003c       data     static serial1.asm
                 _in_hdb1   0x00003d       data     static serial1.asm
            _packetLength   0x00003e       data     static serial1.asm
           _sourceAddress   0x00003f       data     static serial1.asm
             _bufferIndex   0x000040       data     static serial1.asm
   _receivedSourceAddress   0x000041       data     static serial1.asm
        _sendPacketLength   0x000042       data     static serial1.asm
   _sendPacketDestination   0x000043       data     static serial1.asm
               _uartState   0x0000d5       data     static serial1.asm
  _serialInterruptHandler   0x00002f    program     extern serial1.asm
               _00336_DS_   0x000045    program     static serial1.asm
               _00339_DS_   0x000060    program     static serial1.asm
               _00342_DS_   0x000065    program     static serial1.asm
              _endMessage   0x000068    program     extern serial1.asm
               _00324_DS_   0x00006b    program     static serial1.asm
     _code_serial1_000045   0x000074    program     static serial1.asm
     _code_serial1_000048   0x000077    program     static serial1.asm
     _code_serial1_00004b   0x00007a    program     static serial1.asm
     _code_serial1_00004e   0x00007d    program     static serial1.asm
     _code_serial1_000051   0x000080    program     static serial1.asm
               _00326_DS_   0x000085    program     static serial1.asm
           _endMessageISR   0x00008a    program     extern serial1.asm
        _endMessageIntern   0x00008c    program     static serial1.asm
               _00311_DS_   0x0000ba    program     static serial1.asm
               _00314_DS_   0x0000d8    program     static serial1.asm
               _00315_DS_   0x0000df    program     static serial1.asm
             _packetReady   0x0000e0    program     extern serial1.asm
               _00001_DS_   0x0000f5    program     static serial1.asm
               _sendReply   0x0000fc    program     extern serial1.asm
             _sendMessage   0x000101    program     extern serial1.asm
               _00288_DS_   0x000107    program     static serial1.asm
     _code_serial1_0000e1   0x000110    program     static serial1.asm
     _code_serial1_0000e4   0x000113    program     static serial1.asm
     _code_serial1_0000e7   0x000116    program     static serial1.asm
     _code_serial1_0000ea   0x000119    program     static serial1.asm
     _code_serial1_0000ed   0x00011c    program     static serial1.asm
               _00290_DS_   0x000121    program     static serial1.asm
          _sendMessageISR   0x000129    program     extern serial1.asm
               _00274_DS_   0x00013a    program     static serial1.asm
               _00275_DS_   0x00013c    program     static serial1.asm
               _00279_DS_   0x000141    program     static serial1.asm
       _sendMessageIntern   0x000142    program     static serial1.asm
             _releaseLock   0x000152    program     extern serial1.asm
         _sendDataByteISR   0x00015c    program     extern serial1.asm
            _sendDataByte   0x00015e    program     extern serial1.asm
      _sendDataByteIntern   0x00016c    program     static serial1.asm
               _00253_DS_   0x000190    program     static serial1.asm
            _uartTransmit   0x000193    program     extern serial1.asm
               _00238_DS_   0x0001c3    program     static serial1.asm
       _uartNotifyReceive   0x0001c6    program     extern serial1.asm
               _00159_DS_   0x0001d7    program     static serial1.asm
               _00224_DS_   0x0001f0    program     static serial1.asm
               _00160_DS_   0x0001fb    program     static serial1.asm
               _00163_DS_   0x000209    program     static serial1.asm
               _00168_DS_   0x00021d    program     static serial1.asm
               _00165_DS_   0x000229    program     static serial1.asm
               _00166_DS_   0x00022c    program     static serial1.asm
               _00170_DS_   0x000238    program     static serial1.asm
               _00174_DS_   0x00024c    program     static serial1.asm
               _00172_DS_   0x000259    program     static serial1.asm
               _00176_DS_   0x000262    program     static serial1.asm
     _code_serial1_00023e   0x00026d    program     static serial1.asm
     _code_serial1_000244   0x000273    program     static serial1.asm
     _code_serial1_00024a   0x000279    program     static serial1.asm
     _code_serial1_000250   0x00027f    program     static serial1.asm
               _00178_DS_   0x000289    program     static serial1.asm
               _00180_DS_   0x000292    program     static serial1.asm
     _code_serial1_00026a   0x000299    program     static serial1.asm
     _code_serial1_000275   0x0002a4    program     static serial1.asm
     _code_serial1_00027d   0x0002ac    program     static serial1.asm
     _code_serial1_000287   0x0002b6    program     static serial1.asm
     _code_serial1_000291   0x0002c0    program     static serial1.asm
     _code_serial1_000297   0x0002c6    program     static serial1.asm
               _00182_DS_   0x0002d0    program     static serial1.asm
               _00184_DS_   0x0002e2    program     static serial1.asm
               _00187_DS_   0x000308    program     static serial1.asm
               _00189_DS_   0x00031c    program     static serial1.asm
               _00190_DS_   0x000320    program     static serial1.asm
     _code_serial1_0002f8   0x000327    program     static serial1.asm
     _code_serial1_000305   0x000334    program     static serial1.asm
     _code_serial1_00030d   0x00033c    program     static serial1.asm
     _code_serial1_000317   0x000346    program     static serial1.asm
     _code_serial1_000321   0x000350    program     static serial1.asm
     _code_serial1_000327   0x000356    program     static serial1.asm
               _00192_DS_   0x00035a    program     static serial1.asm
               _00193_DS_   0x00035f    program     static serial1.asm
     _code_serial1_000335   0x000364    program     static serial1.asm
               _00195_DS_   0x000372    program     static serial1.asm
               _00196_DS_   0x000377    program     static serial1.asm
     _code_serial1_00034d   0x00037c    program     static serial1.asm
               _00197_DS_   0x000382    program     static serial1.asm
     _code_serial1_000358   0x000387    program     static serial1.asm
               _00198_DS_   0x000390    program     static serial1.asm
     _code_serial1_000366   0x000395    program     static serial1.asm
               _00200_DS_   0x00039e    program     static serial1.asm
               _00202_DS_   0x0003a6    program     static serial1.asm
               _00204_DS_   0x0003ab    program     static serial1.asm
        _uartReceiveError   0x0003ac    program     extern serial1.asm
               _00151_DS_   0x0003b4    program     static serial1.asm
     _code_serial1_000388   0x0003b7    program     static serial1.asm
               _00148_DS_   0x0003bc    program     static serial1.asm
              _computeCRC   0x0003c5    program     extern serial1.asm
               _00128_DS_   0x0003d9    program     static serial1.asm
               _00130_DS_   0x0003e1    program     static serial1.asm
               _00132_DS_   0x0003e9    program     static serial1.asm
               _00134_DS_   0x0003f1    program     static serial1.asm
               _00136_DS_   0x0003f9    program     static serial1.asm
               _00138_DS_   0x000401    program     static serial1.asm
               _00140_DS_   0x000409    program     static serial1.asm
               _00142_DS_   0x000411    program     static serial1.asm
             _serial_init   0x000415    program     extern serial1.asm
                _setFlash   0x000430    program     extern serial1.asm
                   _LEDon   0x000438    program     extern serial1.asm
                _flashLED   0x00043c    program     extern serial1.asm
               _00106_DS_   0x000454    program     static serial1.asm
               _00110_DS_   0x00045d    program     static serial1.asm
                  _buffer   0x000044       data     extern serial2.asm
          _transmitBuffer   0x000054       data     extern serial2.asm
              _sendPacket   0x0000a0       data     extern serial2.asm
                _clearwdt   0x0007da    program     extern serial2.asm
              _delay_10us   0x0007dc    program     extern serial2.asm
        ___sdcc_saved_fsr   0x0000d6       data     extern ../build/libsdcc/shadowregs.asm
                  r0x1001   0x000064       data     static ../build/libsdcc/idata.asm
                  r0x1000   0x000065       data     static ../build/libsdcc/idata.asm
                  r0x1002   0x000066       data     static ../build/libsdcc/idata.asm
                  r0x1003   0x000067       data     static ../build/libsdcc/idata.asm
                  r0x1004   0x000068       data     static ../build/libsdcc/idata.asm
                  r0x1005   0x000069       data     static ../build/libsdcc/idata.asm
                  r0x1007   0x00006a       data     static ../build/libsdcc/idata.asm
                  r0x1006   0x00006b       data     static ../build/libsdcc/idata.asm
                  r0x1009   0x00006c       data     static ../build/libsdcc/idata.asm
                  r0x1008   0x00006d       data     static ../build/libsdcc/idata.asm
                  r0x100B   0x00006e       data     static ../build/libsdcc/idata.asm
                  r0x100A   0x00006f       data     static ../build/libsdcc/idata.asm
             _force_cinit   0x0000d7       data     static ../build/libsdcc/idata.asm
    __sdcc_gsinit_startup   0x000800    program     extern ../build/libsdcc/idata.asm
       _code_idata_000008   0x000808    program     static ../build/libsdcc/idata.asm
               _00108_DS_   0x000813    program     static ../build/libsdcc/idata.asm
       _code_idata_000030   0x000830    program     static ../build/libsdcc/idata.asm
       _code_idata_00003f   0x00083f    program     static ../build/libsdcc/idata.asm
       _code_idata_000057   0x000857    program     static ../build/libsdcc/idata.asm
               _00105_DS_   0x000860    program     static ../build/libsdcc/idata.asm
       _code_idata_000076   0x000876    program     static ../build/libsdcc/idata.asm
               _00107_DS_   0x000889    program     static ../build/libsdcc/idata.asm
               _00110_DS_   0x000890    program     static ../build/libsdcc/idata.asm
                __gptrget   0x0007a6    program     extern _gptrget1.Spp
               __gptrget1   0x0007a6    program     extern _gptrget1.Spp
            __dataptrget1   0x0007ad    program     static _gptrget1.Spp
            __codeptrget1   0x0007b4    program     extern _gptrget1.Spp
               __gptrget2   0x0007b9    program     extern _gptrget2.Spp
            __dataptrget2   0x0007c1    program     static _gptrget2.Spp
            __codeptrget2   0x0007cb    program     static _gptrget2.Spp
                    _INDF   00000000       data     extern pic16f648a.asm
                    _TMR0   0x000001       data     extern pic16f648a.asm
                     _PCL   0x000002       data     extern pic16f648a.asm
             _STATUS_bits   0x000003       data     extern pic16f648a.asm
                  _STATUS   0x000003       data     extern pic16f648a.asm
                     _FSR   0x000004       data     extern pic16f648a.asm
              _PORTA_bits   0x000005       data     extern pic16f648a.asm
                   _PORTA   0x000005       data     extern pic16f648a.asm
              _PORTB_bits   0x000006       data     extern pic16f648a.asm
                   _PORTB   0x000006       data     extern pic16f648a.asm
                  _PCLATH   0x00000a       data     extern pic16f648a.asm
             _INTCON_bits   0x00000b       data     extern pic16f648a.asm
                  _INTCON   0x00000b       data     extern pic16f648a.asm
               _PIR1_bits   0x00000c       data     extern pic16f648a.asm
                    _PIR1   0x00000c       data     extern pic16f648a.asm
                   _TMR1L   0x00000e       data     extern pic16f648a.asm
                   _TMR1H   0x00000f       data     extern pic16f648a.asm
              _T1CON_bits   0x000010       data     extern pic16f648a.asm
                   _T1CON   0x000010       data     extern pic16f648a.asm
                    _TMR2   0x000011       data     extern pic16f648a.asm
              _T2CON_bits   0x000012       data     extern pic16f648a.asm
                   _T2CON   0x000012       data     extern pic16f648a.asm
                  _CCPR1L   0x000015       data     extern pic16f648a.asm
                  _CCPR1H   0x000016       data     extern pic16f648a.asm
            _CCP1CON_bits   0x000017       data     extern pic16f648a.asm
                 _CCP1CON   0x000017       data     extern pic16f648a.asm
              _RCSTA_bits   0x000018       data     extern pic16f648a.asm
                   _RCSTA   0x000018       data     extern pic16f648a.asm
                   _TXREG   0x000019       data     extern pic16f648a.asm
                   _RCREG   0x00001a       data     extern pic16f648a.asm
              _CMCON_bits   0x00001f       data     extern pic16f648a.asm
                   _CMCON   0x00001f       data     extern pic16f648a.asm
         _OPTION_REG_bits   0x000081       data     extern pic16f648a.asm
              _OPTION_REG   0x000081       data     extern pic16f648a.asm
              _TRISA_bits   0x000085       data     extern pic16f648a.asm
                   _TRISA   0x000085       data     extern pic16f648a.asm
              _TRISB_bits   0x000086       data     extern pic16f648a.asm
                   _TRISB   0x000086       data     extern pic16f648a.asm
               _PIE1_bits   0x00008c       data     extern pic16f648a.asm
                    _PIE1   0x00008c       data     extern pic16f648a.asm
               _PCON_bits   0x00008e       data     extern pic16f648a.asm
                    _PCON   0x00008e       data     extern pic16f648a.asm
                     _PR2   0x000092       data     extern pic16f648a.asm
              _TXSTA_bits   0x000098       data     extern pic16f648a.asm
                   _TXSTA   0x000098       data     extern pic16f648a.asm
                   _SPBRG   0x000099       data     extern pic16f648a.asm
                  _EEDATA   0x00009a       data     extern pic16f648a.asm
                   _EEADR   0x00009b       data     extern pic16f648a.asm
             _EECON1_bits   0x00009c       data     extern pic16f648a.asm
                  _EECON1   0x00009c       data     extern pic16f648a.asm
                  _EECON2   0x00009d       data     extern pic16f648a.asm
              _VRCON_bits   0x00009f       data     extern pic16f648a.asm
                   _VRCON   0x00009f       data     extern pic16f648a.asm
                   _cinit   0x000894    program     extern  
 
